Archive member included to satisfy reference by file (symbol)

../Middlewares/ST/AI/Lib\NetworkRuntime1010_CM4_GCC.a(ai_platform.o)
                              ./X-CUBE-AI/App/myai.o (ai_buffer_array_item_set_address)
../Middlewares/ST/AI/Lib\NetworkRuntime1010_CM4_GCC.a(ai_platform_interface.o)
                              ./X-CUBE-AI/App/myai.o (ai_platform_get_weights_map)
../Middlewares/ST/AI/Lib\NetworkRuntime1010_CM4_GCC.a(core_common.o)
                              ../Middlewares/ST/AI/Lib\NetworkRuntime1010_CM4_GCC.a(ai_platform_interface.o) (core_init)
../Middlewares/ST/AI/Lib\NetworkRuntime1010_CM4_GCC.a(core_mem_manager.o)
                              ../Middlewares/ST/AI/Lib\NetworkRuntime1010_CM4_GCC.a(ai_platform_interface.o) (core_mem_alloc)
../Middlewares/ST/AI/Lib\NetworkRuntime1010_CM4_GCC.a(layers.o)
                              ../Middlewares/ST/AI/Lib\NetworkRuntime1010_CM4_GCC.a(ai_platform_interface.o) (ai_check_custom_types)
../Middlewares/ST/AI/Lib\NetworkRuntime1010_CM4_GCC.a(layers_conv2d_generic_float.o)
                              ./X-CUBE-AI/App/myai.o (forward_dense)
../Middlewares/ST/AI/Lib\NetworkRuntime1010_CM4_GCC.a(layers_nl_generic_float.o)
                              ./X-CUBE-AI/App/myai.o (forward_relu)
../Middlewares/ST/AI/Lib\NetworkRuntime1010_CM4_GCC.a(layers_conv2d_integer_scratch.o)
                              ../Middlewares/ST/AI/Lib\NetworkRuntime1010_CM4_GCC.a(layers.o) (get_dense_scratch_size_s8)
../Middlewares/ST/AI/Lib\NetworkRuntime1010_CM4_GCC.a(forward_lite_conv2d_if32of32wf32.o)
                              ../Middlewares/ST/AI/Lib\NetworkRuntime1010_CM4_GCC.a(layers_conv2d_generic_float.o) (forward_lite_conv2d_if32of32wf32)
../Middlewares/ST/AI/Lib\NetworkRuntime1010_CM4_GCC.a(lite_nl_softmax_if32of32.o)
                              ../Middlewares/ST/AI/Lib\NetworkRuntime1010_CM4_GCC.a(layers_nl_generic_float.o) (forward_lite_nl_softmax_if32of32_kernel)
../Middlewares/ST/AI/Lib\NetworkRuntime1010_CM4_GCC.a(lite_nl_relu_if32of32.o)
                              ../Middlewares/ST/AI/Lib\NetworkRuntime1010_CM4_GCC.a(layers_nl_generic_float.o) (forward_lite_nl_prelu_if32of32_kernel)
../Middlewares/ST/AI/Lib\NetworkRuntime1010_CM4_GCC.a(lite_dense_if32.o)
                              ../Middlewares/ST/AI/Lib\NetworkRuntime1010_CM4_GCC.a(layers_conv2d_generic_float.o) (lite_decompress_ilutof32)
../Middlewares/ST/AI/Lib\NetworkRuntime1010_CM4_GCC.a(lite_nl_generic_float.o)
                              ../Middlewares/ST/AI/Lib\NetworkRuntime1010_CM4_GCC.a(layers_nl_generic_float.o) (forward_lite_nl_softmax_if32of32)
../Middlewares/ST/AI/Lib\NetworkRuntime1010_CM4_GCC.a(st_int8_fill.o)
                              ../Middlewares/ST/AI/Lib\NetworkRuntime1010_CM4_GCC.a(ai_platform_interface.o) (st_int8_copy)
../Middlewares/ST/AI/Lib\NetworkRuntime1010_CM4_GCC.a(ai_math_helpers.o)
                              ../Middlewares/ST/AI/Lib\NetworkRuntime1010_CM4_GCC.a(layers_nl_generic_float.o) (ai_math_sqrt)
../Middlewares/ST/AI/Lib\NetworkRuntime1010_CM4_GCC.a(ai_datatypes_format.o)
                              ../Middlewares/ST/AI/Lib\NetworkRuntime1010_CM4_GCC.a(ai_platform_interface.o) (ai_array_to_buffer_fmt)
../Middlewares/ST/AI/Lib\NetworkRuntime1010_CM4_GCC.a(ai_datatypes_internal.o)
                              ../Middlewares/ST/AI/Lib\NetworkRuntime1010_CM4_GCC.a(ai_platform_interface.o) (ai_version_get)
../Middlewares/ST/AI/Lib\NetworkRuntime1010_CM4_GCC.a(ai_math_elementwise_mul_int8.o)
                              ../Middlewares/ST/AI/Lib\NetworkRuntime1010_CM4_GCC.a(ai_math_helpers.o) (ai_math_elementwise_mul_int8)
../Middlewares/ST/AI/Lib\NetworkRuntime1010_CM4_GCC.a(ai_math_elementwise_sum_int8.o)
                              ../Middlewares/ST/AI/Lib\NetworkRuntime1010_CM4_GCC.a(ai_math_helpers.o) (ai_math_elementwise_sum_int8)
../Middlewares/ST/AI/Lib\NetworkRuntime1010_CM4_GCC.a(st_align_factor.o)
                              ../Middlewares/ST/AI/Lib\NetworkRuntime1010_CM4_GCC.a(ai_math_helpers.o) (align_factor)
C:/ST/STM32CubeIDE_1.16.0/STM32CubeIDE/plugins/com.st.stm32cube.ide.mcu.externaltools.gnu-tools-for-stm32.12.3.rel1.win32_1.0.200.202406191623/tools/bin/../lib/gcc/arm-none-eabi/12.3.1/../../../../arm-none-eabi/lib/thumb/v7e-m+fp/hard\libc_nano.a(libc_a-exit.o)
                              C:/ST/STM32CubeIDE_1.16.0/STM32CubeIDE/plugins/com.st.stm32cube.ide.mcu.externaltools.gnu-tools-for-stm32.12.3.rel1.win32_1.0.200.202406191623/tools/bin/../lib/gcc/arm-none-eabi/12.3.1/../../../../arm-none-eabi/lib/thumb/v7e-m+fp/hard/crt0.o (exit)
C:/ST/STM32CubeIDE_1.16.0/STM32CubeIDE/plugins/com.st.stm32cube.ide.mcu.externaltools.gnu-tools-for-stm32.12.3.rel1.win32_1.0.200.202406191623/tools/bin/../lib/gcc/arm-none-eabi/12.3.1/../../../../arm-none-eabi/lib/thumb/v7e-m+fp/hard\libc_nano.a(libc_a-malloc.o)
                              ../Middlewares/ST/AI/Lib\NetworkRuntime1010_CM4_GCC.a(core_mem_manager.o) (malloc)
[...]
Memory Configuration

Name             Origin             Length             Attributes
RAM              0x20000000         0x00018000         xrw
RAM2             0x10000000         0x00008000         xrw
FLASH            0x08000000         0x00100000         xr
*default*        0x00000000         0xffffffff

Linker script and memory map

LOAD C:/ST/STM32CubeIDE_1.16.0/STM32CubeIDE/plugins/com.st.stm32cube.ide.mcu.externaltools.gnu-tools-for-stm32.12.3.rel1.win32_1.0.200.202406191623/tools/bin/../lib/gcc/arm-none-eabi/12.3.1/thumb/v7e-m+fp/hard/crti.o
LOAD C:/ST/STM32CubeIDE_1.16.0/STM32CubeIDE/plugins/com.st.stm32cube.ide.mcu.externaltools.gnu-tools-for-stm32.12.3.rel1.win32_1.0.200.202406191623/tools/bin/../lib/gcc/arm-none-eabi/12.3.1/thumb/v7e-m+fp/hard/crtbegin.o
LOAD C:/ST/STM32CubeIDE_1.16.0/STM32CubeIDE/plugins/com.st.stm32cube.ide.mcu.externaltools.gnu-tools-for-stm32.12.3.rel1.win32_1.0.200.202406191623/tools/bin/../lib/gcc/arm-none-eabi/12.3.1/../../../../arm-none-eabi/lib/thumb/v7e-m+fp/hard/crt0.o
LOAD ./Core/Src/Button_Lib.o
LOAD ./Core/Src/Snake_Game.o
LOAD ./Core/Src/adc.o
LOAD ./Core/Src/crc.o
LOAD ./Core/Src/forbot_logo.o
LOAD ./Core/Src/gpio.o
LOAD ./Core/Src/lcd.o
LOAD ./Core/Src/main.o
LOAD ./Core/Src/spi.o
LOAD ./Core/Src/stm32l4xx_hal_msp.o
LOAD ./Core/Src/stm32l4xx_it.o
LOAD ./Core/Src/sysmem.o
LOAD ./Core/Src/system_stm32l4xx.o
LOAD ./Core/Startup/startup_stm32l476rgtx.o
LOAD ./Drivers/STM32L4xx_HAL_Driver/Src/stm32l4xx_hal.o
LOAD ./Drivers/STM32L4xx_HAL_Driver/Src/stm32l4xx_hal_adc.o
LOAD ./Drivers/STM32L4xx_HAL_Driver/Src/stm32l4xx_hal_adc_ex.o
LOAD ./Drivers/STM32L4xx_HAL_Driver/Src/stm32l4xx_hal_cortex.o
LOAD ./Drivers/STM32L4xx_HAL_Driver/Src/stm32l4xx_hal_crc.o
LOAD ./Drivers/STM32L4xx_HAL_Driver/Src/stm32l4xx_hal_crc_ex.o
LOAD ./Drivers/STM32L4xx_HAL_Driver/Src/stm32l4xx_hal_dma.o
LOAD ./Drivers/STM32L4xx_HAL_Driver/Src/stm32l4xx_hal_dma_ex.o
LOAD ./Drivers/STM32L4xx_HAL_Driver/Src/stm32l4xx_hal_exti.o
LOAD ./Drivers/STM32L4xx_HAL_Driver/Src/stm32l4xx_hal_flash.o
LOAD ./Drivers/STM32L4xx_HAL_Driver/Src/stm32l4xx_hal_flash_ex.o
LOAD ./Drivers/STM32L4xx_HAL_Driver/Src/stm32l4xx_hal_flash_ramfunc.o
LOAD ./Drivers/STM32L4xx_HAL_Driver/Src/stm32l4xx_hal_gpio.o
LOAD ./Drivers/STM32L4xx_HAL_Driver/Src/stm32l4xx_hal_i2c.o
LOAD ./Drivers/STM32L4xx_HAL_Driver/Src/stm32l4xx_hal_i2c_ex.o
LOAD ./Drivers/STM32L4xx_HAL_Driver/Src/stm32l4xx_hal_pwr.o
LOAD ./Drivers/STM32L4xx_HAL_Driver/Src/stm32l4xx_hal_pwr_ex.o
LOAD ./Drivers/STM32L4xx_HAL_Driver/Src/stm32l4xx_hal_rcc.o
LOAD ./Drivers/STM32L4xx_HAL_Driver/Src/stm32l4xx_hal_rcc_ex.o
LOAD ./Drivers/STM32L4xx_HAL_Driver/Src/stm32l4xx_hal_spi.o
LOAD ./Drivers/STM32L4xx_HAL_Driver/Src/stm32l4xx_hal_spi_ex.o
LOAD ./Drivers/STM32L4xx_HAL_Driver/Src/stm32l4xx_hal_tim.o
LOAD ./Drivers/STM32L4xx_HAL_Driver/Src/stm32l4xx_hal_tim_ex.o
LOAD ./X-CUBE-AI/App/app_x-cube-ai.o
LOAD ./X-CUBE-AI/App/myai.o
LOAD ./X-CUBE-AI/App/myai_data.o
LOAD ./X-CUBE-AI/App/myai_data_params.o
LOAD ./X-CUBE-AI/App/network_1.o
LOAD ./X-CUBE-AI/App/network_1_data.o
LOAD ./X-CUBE-AI/App/network_1_data_params.o
LOAD ../Middlewares/ST/AI/Lib\NetworkRuntime1010_CM4_GCC.a
START GROUP
LOAD C:/ST/STM32CubeIDE_1.16.0/STM32CubeIDE/plugins/com.st.stm32cube.ide.mcu.externaltools.gnu-tools-for-stm32.12.3.rel1.win32_1.0.200.202406191623/tools/bin/../lib/gcc/arm-none-eabi/12.3.1/../../../../arm-none-eabi/lib/thumb/v7e-m+fp/hard\libc_nano.a
LOAD C:/ST/STM32CubeIDE_1.16.0/STM32CubeIDE/plugins/com.st.stm32cube.ide.mcu.externaltools.gnu-tools-for-stm32.12.3.rel1.win32_1.0.200.202406191623/tools/bin/../lib/gcc/arm-none-eabi/12.3.1/../../../../arm-none-eabi/lib/thumb/v7e-m+fp/hard\libm.a
END GROUP
START GROUP
LOAD C:/ST/STM32CubeIDE_1.16.0/STM32CubeIDE/plugins/com.st.stm32cube.ide.mcu.externaltools.gnu-tools-for-stm32.12.3.rel1.win32_1.0.200.202406191623/tools/bin/../lib/gcc/arm-none-eabi/12.3.1/thumb/v7e-m+fp/hard\libgcc.a
LOAD C:/ST/STM32CubeIDE_1.16.0/STM32CubeIDE/plugins/com.st.stm32cube.ide.mcu.externaltools.gnu-tools-for-stm32.12.3.rel1.win32_1.0.200.202406191623/tools/bin/../lib/gcc/arm-none-eabi/12.3.1/../../../../arm-none-eabi/lib/thumb/v7e-m+fp/hard\libc_nano.a
END GROUP
START GROUP
LOAD C:/ST/STM32CubeIDE_1.16.0/STM32CubeIDE/plugins/com.st.stm32cube.ide.mcu.externaltools.gnu-tools-for-stm32.12.3.rel1.win32_1.0.200.202406191623/tools/bin/../lib/gcc/arm-none-eabi/12.3.1/thumb/v7e-m+fp/hard\libgcc.a
LOAD C:/ST/STM32CubeIDE_1.16.0/STM32CubeIDE/plugins/com.st.stm32cube.ide.mcu.externaltools.gnu-tools-for-stm32.12.3.rel1.win32_1.0.200.202406191623/tools/bin/../lib/gcc/arm-none-eabi/12.3.1/../../../../arm-none-eabi/lib/thumb/v7e-m+fp/hard\libc_nano.a
LOAD C:/ST/STM32CubeIDE_1.16.0/STM32CubeIDE/plugins/com.st.stm32cube.ide.mcu.externaltools.gnu-tools-for-stm32.12.3.rel1.win32_1.0.200.202406191623/tools/bin/../lib/gcc/arm-none-eabi/12.3.1/../../../../arm-none-eabi/lib/thumb/v7e-m+fp/hard\libnosys.a
END GROUP
START GROUP
LOAD C:/ST/STM32CubeIDE_1.16.0/STM32CubeIDE/plugins/com.st.stm32cube.ide.mcu.externaltools.gnu-tools-for-stm32.12.3.rel1.win32_1.0.200.202406191623/tools/bin/../lib/gcc/arm-none-eabi/12.3.1/thumb/v7e-m+fp/hard\libgcc.a
LOAD C:/ST/STM32CubeIDE_1.16.0/STM32CubeIDE/plugins/com.st.stm32cube.ide.mcu.externaltools.gnu-tools-for-stm32.12.3.rel1.win32_1.0.200.202406191623/tools/bin/../lib/gcc/arm-none-eabi/12.3.1/../../../../arm-none-eabi/lib/thumb/v7e-m+fp/hard\libc_nano.a
LOAD C:/ST/STM32CubeIDE_1.16.0/STM32CubeIDE/plugins/com.st.stm32cube.ide.mcu.externaltools.gnu-tools-for-stm32.12.3.rel1.win32_1.0.200.202406191623/tools/bin/../lib/gcc/arm-none-eabi/12.3.1/../../../../arm-none-eabi/lib/thumb/v7e-m+fp/hard\libnosys.a
END GROUP
LOAD C:/ST/STM32CubeIDE_1.16.0/STM32CubeIDE/plugins/com.st.stm32cube.ide.mcu.externaltools.gnu-tools-for-stm32.12.3.rel1.win32_1.0.200.202406191623/tools/bin/../lib/gcc/arm-none-eabi/12.3.1/thumb/v7e-m+fp/hard/crtend.o
LOAD C:/ST/STM32CubeIDE_1.16.0/STM32CubeIDE/plugins/com.st.stm32cube.ide.mcu.externaltools.gnu-tools-for-stm32.12.3.rel1.win32_1.0.200.202406191623/tools/bin/../lib/gcc/arm-none-eabi/12.3.1/thumb/v7e-m+fp/hard/crtn.o
                0x20018000                        _estack = (ORIGIN (RAM) + LENGTH (RAM))
                0x00000800                        _Min_Heap_Size = 0x800
                0x00000800                        _Min_Stack_Size = 0x800

.isr_vector     0x08000000      0x188
                0x08000000                        . = ALIGN (0x4)
 *(.isr_vector)
 .isr_vector    0x08000000      0x188 ./Core/Startup/startup_stm32l476rgtx.o
                0x08000000                g_pfnVectors
                0x08000188                        . = ALIGN (0x4)

.text           0x08000190     0x7548
                0x08000190                        . = ALIGN (0x4)
 *(.text)
 .text          0x08000190       0x40 C:/ST/STM32CubeIDE_1.16.0/STM32CubeIDE/plugins/com.st.stm32cube.ide.mcu.externaltools.gnu-tools-for-stm32.12.3.rel1.win32_1.0.200.202406191623/tools/bin/../lib/gcc/arm-none-eabi/12.3.1/thumb/v7e-m+fp/hard/crtbegin.o
 .text          0x080001d0       0xa0 C:/ST/STM32CubeIDE_1.16.0/STM32CubeIDE/plugins/com.st.stm32cube.ide.mcu.externaltools.gnu-tools-for-stm32.12.3.rel1.win32_1.0.200.202406191623/tools/bin/../lib/gcc/arm-none-eabi/12.3.1/../../../../arm-none-eabi/lib/thumb/v7e-m+fp/hard\libc_nano.a(libc_a-memchr.o)
                0x080001d0                memchr
 *(.text*)
 .text.gameInit
                0x08000270       0x78 ./Core/Src/Snake_Game.o
                0x08000270                gameInit
 .text.place_food
                0x080002e8       0xa8 ./Core/Src/Snake_Game.o
                0x080002e8                place_food
 .text.is_collision
                0x08000390       0x74 ./Core/Src/Snake_Game.o
                0x08000390                is_collision
 .text.is_Food_Eaten
                0x08000404       0x3c ./Core/Src/Snake_Game.o
                0x08000404                is_Food_Eaten
 .text.update_Snake
                0x08000440       0xd4 ./Core/Src/Snake_Game.o
                0x08000440                update_Snake
 .text.change_Direction
                0x08000514       0xc0 ./Core/Src/Snake_Game.o
                0x08000514                change_Direction
 .text.get_state
                0x080005d4      0x26c ./Core/Src/Snake_Game.o
                0x080005d4                get_state
 .text.draw_game
                0x08000840       0xd8 ./Core/Src/Snake_Game.o
                0x08000840                draw_game
 .text.get_action
                0x08000918       0x92 ./Core/Src/Snake_Game.o
                0x08000918                get_action
 .text.playGame
                0x080009aa       0x2c ./Core/Src/Snake_Game.o
                0x080009aa                playGame
 *fill*         0x080009d6        0x2 
 .text.MX_ADC2_Init
                0x080009d8       0xcc ./Core/Src/adc.o
                0x080009d8                MX_ADC2_Init
 .text.HAL_ADC_MspInit
                0x08000aa4      0x10c ./Core/Src/adc.o
                0x08000aa4                HAL_ADC_MspInit
 .text.MX_CRC_Init
                0x08000bb0       0x44 ./Core/Src/crc.o
                0x08000bb0                MX_CRC_Init
 .text.HAL_CRC_MspInit
                0x08000bf4       0x40 ./Core/Src/crc.o
                0x08000bf4                HAL_CRC_MspInit
 .text.MX_GPIO_Init
                0x08000c34       0xd0 ./Core/Src/gpio.o
                0x08000c34                MX_GPIO_Init
 .text.lcd_cmd  0x08000d04       0x4c ./Core/Src/lcd.o
 .text.lcd_data
                0x08000d50       0x4c ./Core/Src/lcd.o
 .text.lcd_send
                0x08000d9c       0x32 ./Core/Src/lcd.o
 .text.lcd_data16
                0x08000dce       0x2a ./Core/Src/lcd.o
 .text.lcd_set_window
                0x08000df8       0x62 ./Core/Src/lcd.o
 *fill*         0x08000e5a        0x2 
 .text.lcd_init
                0x08000e5c       0x70 ./Core/Src/lcd.o
                0x08000e5c                lcd_init
 .text.lcd_put_pixel
                0x08000ecc       0x38 ./Core/Src/lcd.o
                0x08000ecc                lcd_put_pixel
 .text.lcd_clear_screen
                0x08000f04       0x44 ./Core/Src/lcd.o
                0x08000f04                lcd_clear_screen
 .text.lcd_copy
                0x08000f48       0x8c ./Core/Src/lcd.o
                0x08000f48                lcd_copy
 .text.main     0x08000fd4       0x42 ./Core/Src/main.o
                0x08000fd4                main
 .text.SystemClock_Config
                0x08001016       0xa4 ./Core/Src/main.o
                0x08001016                SystemClock_Config
 .text.Error_Handler
                0x080010ba        0xc ./Core/Src/main.o
                0x080010ba                Error_Handler
 *fill*         0x080010c6        0x2 
 .text.MX_SPI2_Init
                0x080010c8       0x7c ./Core/Src/spi.o
                0x080010c8                MX_SPI2_Init
 .text.HAL_SPI_MspInit
                0x08001144       0xc4 ./Core/Src/spi.o
                0x08001144                HAL_SPI_MspInit
 .text.HAL_MspInit
                0x08001208       0x48 ./Core/Src/stm32l4xx_hal_msp.o
                0x08001208                HAL_MspInit
 .text.NMI_Handler
                0x08001250        0x8 ./Core/Src/stm32l4xx_it.o
                0x08001250                NMI_Handler
 .text.HardFault_Handler
                0x08001258        0x8 ./Core/Src/stm32l4xx_it.o
                0x08001258                HardFault_Handler
 .text.MemManage_Handler
                0x08001260        0x8 ./Core/Src/stm32l4xx_it.o
                0x08001260                MemManage_Handler
 .text.BusFault_Handler
                0x08001268        0x8 ./Core/Src/stm32l4xx_it.o
                0x08001268                BusFault_Handler
 .text.UsageFault_Handler
                0x08001270        0x8 ./Core/Src/stm32l4xx_it.o
                0x08001270                UsageFault_Handler
 .text.SVC_Handler
                0x08001278        0xe ./Core/Src/stm32l4xx_it.o
                0x08001278                SVC_Handler
 .text.DebugMon_Handler
                0x08001286        0xe ./Core/Src/stm32l4xx_it.o
                0x08001286                DebugMon_Handler
 .text.PendSV_Handler
                0x08001294        0xe ./Core/Src/stm32l4xx_it.o
                0x08001294                PendSV_Handler
 .text.SysTick_Handler
                0x080012a2        0xc ./Core/Src/stm32l4xx_it.o
                0x080012a2                SysTick_Handler
 *fill*         0x080012ae        0x2 
 .text._sbrk    0x080012b0       0x6c ./Core/Src/sysmem.o
                0x080012b0                _sbrk
 .text.SystemInit
                0x0800131c       0x24 ./Core/Src/system_stm32l4xx.o
                0x0800131c                SystemInit
 .text.Reset_Handler
                0x08001340       0x50 ./Core/Startup/startup_stm32l476rgtx.o
                0x08001340                Reset_Handler
 .text.Default_Handler
                0x08001390        0x2 ./Core/Startup/startup_stm32l476rgtx.o
                0x08001390                RTC_Alarm_IRQHandler
                0x08001390                EXTI2_IRQHandler
                0x08001390                TIM8_TRG_COM_IRQHandler
                0x08001390                TIM8_CC_IRQHandler
                0x08001390                TIM1_CC_IRQHandler
                0x08001390                TSC_IRQHandler
                0x08001390                TAMP_STAMP_IRQHandler
                0x08001390                EXTI3_IRQHandler
                0x08001390                LPTIM2_IRQHandler
                0x08001390                DFSDM1_FLT1_IRQHandler
                0x08001390                I2C3_ER_IRQHandler
                0x08001390                DFSDM1_FLT2_IRQHandler
                0x08001390                EXTI0_IRQHandler
                0x08001390                I2C2_EV_IRQHandler
                0x08001390                CAN1_RX0_IRQHandler
                0x08001390                FPU_IRQHandler
                0x08001390                TIM1_UP_TIM16_IRQHandler
                0x08001390                ADC1_2_IRQHandler
                0x08001390                SPI1_IRQHandler
                0x08001390                TIM6_DAC_IRQHandler
                0x08001390                TIM8_UP_IRQHandler
                0x08001390                DMA2_Channel2_IRQHandler
                0x08001390                DMA1_Channel4_IRQHandler
                0x08001390                SAI2_IRQHandler
                0x08001390                DFSDM1_FLT3_IRQHandler
                0x08001390                USART3_IRQHandler
                0x08001390                DMA1_Channel7_IRQHandler
                0x08001390                CAN1_RX1_IRQHandler
                0x08001390                LCD_IRQHandler
                0x08001390                UART5_IRQHandler
                0x08001390                ADC3_IRQHandler
                0x08001390                TIM4_IRQHandler
                0x08001390                DMA2_Channel1_IRQHandler
                0x08001390                QUADSPI_IRQHandler
                0x08001390                I2C1_EV_IRQHandler
                0x08001390                DMA1_Channel6_IRQHandler
                0x08001390                UART4_IRQHandler
                0x08001390                DMA2_Channel4_IRQHandler
                0x08001390                TIM3_IRQHandler
                0x08001390                RCC_IRQHandler
                0x08001390                DMA1_Channel1_IRQHandler
                0x08001390                Default_Handler
                0x08001390                DMA2_Channel7_IRQHandler
                0x08001390                EXTI15_10_IRQHandler
                0x08001390                TIM7_IRQHandler
                0x08001390                SDMMC1_IRQHandler
                0x08001390                TIM5_IRQHandler
                0x08001390                I2C3_EV_IRQHandler
                0x08001390                EXTI9_5_IRQHandler
                0x08001390                RTC_WKUP_IRQHandler
                0x08001390                PVD_PVM_IRQHandler
                0x08001390                SPI2_IRQHandler
                0x08001390                CAN1_TX_IRQHandler
                0x08001390                DMA2_Channel5_IRQHandler
                0x08001390                DMA1_Channel5_IRQHandler
                0x08001390                EXTI4_IRQHandler
                0x08001390                RNG_IRQHandler
                0x08001390                TIM1_TRG_COM_TIM17_IRQHandler
                0x08001390                DMA1_Channel3_IRQHandler
                0x08001390                COMP_IRQHandler
                0x08001390                WWDG_IRQHandler
                0x08001390                LPUART1_IRQHandler
                0x08001390                DMA2_Channel6_IRQHandler
                0x08001390                TIM2_IRQHandler
                0x08001390                EXTI1_IRQHandler
                0x08001390                USART2_IRQHandler
                0x08001390                DFSDM1_FLT0_IRQHandler
                0x08001390                I2C2_ER_IRQHandler
                0x08001390                DMA1_Channel2_IRQHandler
                0x08001390                TIM8_BRK_IRQHandler
                0x08001390                CAN1_SCE_IRQHandler
                0x08001390                FLASH_IRQHandler
                0x08001390                USART1_IRQHandler
                0x08001390                OTG_FS_IRQHandler
                0x08001390                SPI3_IRQHandler
                0x08001390                I2C1_ER_IRQHandler
                0x08001390                FMC_IRQHandler
                0x08001390                SWPMI1_IRQHandler
                0x08001390                LPTIM1_IRQHandler
                0x08001390                SAI1_IRQHandler
                0x08001390                DMA2_Channel3_IRQHandler
                0x08001390                TIM1_BRK_TIM15_IRQHandler
 .text.HAL_Init
                0x08001392       0x30 ./Drivers/STM32L4xx_HAL_Driver/Src/stm32l4xx_hal.o
                0x08001392                HAL_Init
 *fill*         0x080013c2        0x2 
 .text.HAL_InitTick
                0x080013c4       0x78 ./Drivers/STM32L4xx_HAL_Driver/Src/stm32l4xx_hal.o
                0x080013c4                HAL_InitTick
 .text.HAL_IncTick
                0x0800143c       0x28 ./Drivers/STM32L4xx_HAL_Driver/Src/stm32l4xx_hal.o
                0x0800143c                HAL_IncTick
 .text.HAL_GetTick
                0x08001464       0x18 ./Drivers/STM32L4xx_HAL_Driver/Src/stm32l4xx_hal.o
                0x08001464                HAL_GetTick
 .text.HAL_Delay
                0x0800147c       0x48 ./Drivers/STM32L4xx_HAL_Driver/Src/stm32l4xx_hal.o
                0x0800147c                HAL_Delay
 .text.LL_ADC_SetCommonClock
                0x080014c4       0x26 ./Drivers/STM32L4xx_HAL_Driver/Src/stm32l4xx_hal_adc.o
 .text.LL_ADC_SetCommonPathInternalCh
                0x080014ea       0x26 ./Drivers/STM32L4xx_HAL_Driver/Src/stm32l4xx_hal_adc.o
 .text.LL_ADC_GetCommonPathInternalCh
                0x08001510       0x1c ./Drivers/STM32L4xx_HAL_Driver/Src/stm32l4xx_hal_adc.o
 .text.LL_ADC_SetOffset
                0x0800152c       0x48 ./Drivers/STM32L4xx_HAL_Driver/Src/stm32l4xx_hal_adc.o
 .text.LL_ADC_GetOffsetChannel
                0x08001574       0x2c ./Drivers/STM32L4xx_HAL_Driver/Src/stm32l4xx_hal_adc.o
 .text.LL_ADC_SetOffsetState
                0x080015a0       0x36 ./Drivers/STM32L4xx_HAL_Driver/Src/stm32l4xx_hal_adc.o
 .text.LL_ADC_REG_SetSequencerRanks
                0x080015d6       0x58 ./Drivers/STM32L4xx_HAL_Driver/Src/stm32l4xx_hal_adc.o
 .text.LL_ADC_SetChannelSamplingTime
                0x0800162e       0x56 ./Drivers/STM32L4xx_HAL_Driver/Src/stm32l4xx_hal_adc.o
 .text.LL_ADC_SetChannelSingleDiff
                0x08001684       0x48 ./Drivers/STM32L4xx_HAL_Driver/Src/stm32l4xx_hal_adc.o
 .text.LL_ADC_DisableDeepPowerDown
                0x080016cc       0x24 ./Drivers/STM32L4xx_HAL_Driver/Src/stm32l4xx_hal_adc.o
 .text.LL_ADC_IsDeepPowerDownEnabled
                0x080016f0       0x28 ./Drivers/STM32L4xx_HAL_Driver/Src/stm32l4xx_hal_adc.o
 .text.LL_ADC_EnableInternalRegulator
                0x08001718       0x28 ./Drivers/STM32L4xx_HAL_Driver/Src/stm32l4xx_hal_adc.o
 .text.LL_ADC_IsInternalRegulatorEnabled
                0x08001740       0x28 ./Drivers/STM32L4xx_HAL_Driver/Src/stm32l4xx_hal_adc.o
 .text.LL_ADC_IsEnabled
                0x08001768       0x26 ./Drivers/STM32L4xx_HAL_Driver/Src/stm32l4xx_hal_adc.o
 .text.LL_ADC_REG_IsConversionOngoing
                0x0800178e       0x26 ./Drivers/STM32L4xx_HAL_Driver/Src/stm32l4xx_hal_adc.o
 .text.LL_ADC_INJ_IsConversionOngoing
                0x080017b4       0x26 ./Drivers/STM32L4xx_HAL_Driver/Src/stm32l4xx_hal_adc.o
 *fill*         0x080017da        0x2 
 .text.HAL_ADC_Init
                0x080017dc      0x2a0 ./Drivers/STM32L4xx_HAL_Driver/Src/stm32l4xx_hal_adc.o
                0x080017dc                HAL_ADC_Init
 .text.HAL_ADC_ConfigChannel
                0x08001a7c      0x7e4 ./Drivers/STM32L4xx_HAL_Driver/Src/stm32l4xx_hal_adc.o
                0x08001a7c                HAL_ADC_ConfigChannel
 .text.__NVIC_SetPriorityGrouping
                0x08002260       0x48 ./Drivers/STM32L4xx_HAL_Driver/Src/stm32l4xx_hal_cortex.o
 .text.__NVIC_GetPriorityGrouping
                0x080022a8       0x1c ./Drivers/STM32L4xx_HAL_Driver/Src/stm32l4xx_hal_cortex.o
 .text.__NVIC_SetPriority
                0x080022c4       0x54 ./Drivers/STM32L4xx_HAL_Driver/Src/stm32l4xx_hal_cortex.o
 .text.NVIC_EncodePriority
                0x08002318       0x66 ./Drivers/STM32L4xx_HAL_Driver/Src/stm32l4xx_hal_cortex.o
 *fill*         0x0800237e        0x2 
 .text.SysTick_Config
                0x08002380       0x44 ./Drivers/STM32L4xx_HAL_Driver/Src/stm32l4xx_hal_cortex.o
 .text.HAL_NVIC_SetPriorityGrouping
                0x080023c4       0x16 ./Drivers/STM32L4xx_HAL_Driver/Src/stm32l4xx_hal_cortex.o
                0x080023c4                HAL_NVIC_SetPriorityGrouping
 .text.HAL_NVIC_SetPriority
                0x080023da       0x38 ./Drivers/STM32L4xx_HAL_Driver/Src/stm32l4xx_hal_cortex.o
                0x080023da                HAL_NVIC_SetPriority
 .text.HAL_SYSTICK_Config
                0x08002412       0x18 ./Drivers/STM32L4xx_HAL_Driver/Src/stm32l4xx_hal_cortex.o
                0x08002412                HAL_SYSTICK_Config
 *fill*         0x0800242a        0x2 
 .text.HAL_CRC_Init
                0x0800242c       0xc8 ./Drivers/STM32L4xx_HAL_Driver/Src/stm32l4xx_hal_crc.o
                0x0800242c                HAL_CRC_Init
 .text.HAL_CRCEx_Polynomial_Set
                0x080024f4      0x11c ./Drivers/STM32L4xx_HAL_Driver/Src/stm32l4xx_hal_crc_ex.o
                0x080024f4                HAL_CRCEx_Polynomial_Set
 .text.HAL_GPIO_Init
                0x08002610      0x354 ./Drivers/STM32L4xx_HAL_Driver/Src/stm32l4xx_hal_gpio.o
                0x08002610                HAL_GPIO_Init
 .text.HAL_GPIO_WritePin
                0x08002964       0x30 ./Drivers/STM32L4xx_HAL_Driver/Src/stm32l4xx_hal_gpio.o
                0x08002964                HAL_GPIO_WritePin
 .text.HAL_PWREx_GetVoltageRange
                0x08002994       0x1c ./Drivers/STM32L4xx_HAL_Driver/Src/stm32l4xx_hal_pwr_ex.o
                0x08002994                HAL_PWREx_GetVoltageRange
 .text.HAL_PWREx_ControlVoltageScaling
                0x080029b0       0xac ./Drivers/STM32L4xx_HAL_Driver/Src/stm32l4xx_hal_pwr_ex.o
                0x080029b0                HAL_PWREx_ControlVoltageScaling
 .text.HAL_RCC_OscConfig
                0x08002a5c      0x7b8 ./Drivers/STM32L4xx_HAL_Driver/Src/stm32l4xx_hal_rcc.o
                0x08002a5c                HAL_RCC_OscConfig
 .text.HAL_RCC_ClockConfig
                0x08003214      0x200 ./Drivers/STM32L4xx_HAL_Driver/Src/stm32l4xx_hal_rcc.o
                0x08003214                HAL_RCC_ClockConfig
 .text.HAL_RCC_GetSysClockFreq
                0x08003414      0x118 ./Drivers/STM32L4xx_HAL_Driver/Src/stm32l4xx_hal_rcc.o
                0x08003414                HAL_RCC_GetSysClockFreq
 .text.RCC_SetFlashLatencyFromMSIRange
                0x0800352c       0xc0 ./Drivers/STM32L4xx_HAL_Driver/Src/stm32l4xx_hal_rcc.o
 .text.HAL_RCCEx_PeriphCLKConfig
                0x080035ec      0x5d4 ./Drivers/STM32L4xx_HAL_Driver/Src/stm32l4xx_hal_rcc_ex.o
                0x080035ec                HAL_RCCEx_PeriphCLKConfig
 .text.RCCEx_PLLSAI1_Config
                0x08003bc0      0x1e8 ./Drivers/STM32L4xx_HAL_Driver/Src/stm32l4xx_hal_rcc_ex.o
 .text.RCCEx_PLLSAI2_Config
                0x08003da8      0x1bc ./Drivers/STM32L4xx_HAL_Driver/Src/stm32l4xx_hal_rcc_ex.o
 .text.HAL_SPI_Init
                0x08003f64      0x146 ./Drivers/STM32L4xx_HAL_Driver/Src/stm32l4xx_hal_spi.o
                0x08003f64                HAL_SPI_Init
 .text.HAL_SPI_Transmit
                0x080040aa      0x2ec ./Drivers/STM32L4xx_HAL_Driver/Src/stm32l4xx_hal_spi.o
                0x080040aa                HAL_SPI_Transmit
 *fill*         0x08004396        0x2 
 .text.SPI_WaitFlagStateUntilTimeout
                0x08004398      0x110 ./Drivers/STM32L4xx_HAL_Driver/Src/stm32l4xx_hal_spi.o
 .text.SPI_WaitFifoStateUntilTimeout
                0x080044a8      0x12c ./Drivers/STM32L4xx_HAL_Driver/Src/stm32l4xx_hal_spi.o
 .text.SPI_EndRxTxTransaction
                0x080045d4       0x8c ./Drivers/STM32L4xx_HAL_Driver/Src/stm32l4xx_hal_spi.o
 .text.ai_log_err
                0x08004660       0x44 ./X-CUBE-AI/App/app_x-cube-ai.o
 .text.ai_boostrap
                0x080046a4       0xc8 ./X-CUBE-AI/App/app_x-cube-ai.o
 .text.ai_run   0x0800476c       0x54 ./X-CUBE-AI/App/app_x-cube-ai.o
 .text.runAI    0x080047c0       0x8c ./X-CUBE-AI/App/app_x-cube-ai.o
                0x080047c0                runAI
 .text.MX_X_CUBE_AI_Init
                0x0800484c       0x1c ./X-CUBE-AI/App/app_x-cube-ai.o
                0x0800484c                MX_X_CUBE_AI_Init
 .text.MX_X_CUBE_AI_Process
                0x08004868        0xe ./X-CUBE-AI/App/app_x-cube-ai.o
                0x08004868                MX_X_CUBE_AI_Process
 *fill*         0x08004876        0x2 
 .text.myai_configure_activations
                0x08004878       0x90 ./X-CUBE-AI/App/myai.o
 .text.myai_configure_weights
                0x08004908       0xd0 ./X-CUBE-AI/App/myai.o
 .text.ai_myai_get_error
                0x080049d8       0x18 ./X-CUBE-AI/App/myai.o
                0x080049d8                ai_myai_get_error
 .text.ai_myai_create
                0x080049f0       0x2c ./X-CUBE-AI/App/myai.o
                0x080049f0                ai_myai_create
 .text.ai_myai_create_and_init
                0x08004a1c       0xfc ./X-CUBE-AI/App/myai.o
                0x08004a1c                ai_myai_create_and_init
 .text.ai_myai_inputs_get
                0x08004b18       0x34 ./X-CUBE-AI/App/myai.o
                0x08004b18                ai_myai_inputs_get
 .text.ai_myai_outputs_get
                0x08004b4c       0x34 ./X-CUBE-AI/App/myai.o
                0x08004b4c                ai_myai_outputs_get
 .text.ai_myai_init
                0x08004b80       0x78 ./X-CUBE-AI/App/myai.o
                0x08004b80                ai_myai_init
 .text.ai_myai_run
                0x08004bf8       0x20 ./X-CUBE-AI/App/myai.o
                0x08004bf8                ai_myai_run
 .text.ai_myai_data_params_get
                0x08004c18       0x50 ./X-CUBE-AI/App/myai_data.o
                0x08004c18                ai_myai_data_params_get
 .text.ai_buffer_get_size
                0x08004c68       0x64 ../Middlewares/ST/AI/Lib\NetworkRuntime1010_CM4_GCC.a(ai_platform.o)
                0x08004c68                ai_buffer_get_size
 .text.ai_buffer_array_sane
                0x08004ccc       0x14 ../Middlewares/ST/AI/Lib\NetworkRuntime1010_CM4_GCC.a(ai_platform.o)
                0x08004ccc                ai_buffer_array_sane
 .text.ai_buffer_array_item_set_address
                0x08004ce0       0x1c ../Middlewares/ST/AI/Lib\NetworkRuntime1010_CM4_GCC.a(ai_platform.o)
                0x08004ce0                ai_buffer_array_item_set_address
 .text.ai_platform_get_weights_map
                0x08004cfc       0xa4 ../Middlewares/ST/AI/Lib\NetworkRuntime1010_CM4_GCC.a(ai_platform_interface.o)
                0x08004cfc                ai_platform_get_weights_map
 .text.ai_platform_get_activations_map
                0x08004da0       0xa8 ../Middlewares/ST/AI/Lib\NetworkRuntime1010_CM4_GCC.a(ai_platform_interface.o)
                0x08004da0                ai_platform_get_activations_map
 .text.ai_platform_bind_network_params
                0x08004e48       0x44 ../Middlewares/ST/AI/Lib\NetworkRuntime1010_CM4_GCC.a(ai_platform_interface.o)
                0x08004e48                ai_platform_bind_network_params
 .text.ai_platform_network_get_error
                0x08004e8c       0x18 ../Middlewares/ST/AI/Lib\NetworkRuntime1010_CM4_GCC.a(ai_platform_interface.o)
                0x08004e8c                ai_platform_network_get_error
 .text.ai_platform_network_set_error
                0x08004ea4        0xc ../Middlewares/ST/AI/Lib\NetworkRuntime1010_CM4_GCC.a(ai_platform_interface.o)
                0x08004ea4                ai_platform_network_set_error
 .text.ai_platform_inputs_get
                0x08004eb0       0xec ../Middlewares/ST/AI/Lib\NetworkRuntime1010_CM4_GCC.a(ai_platform_interface.o)
                0x08004eb0                ai_platform_inputs_get
 .text.ai_platform_outputs_get
                0x08004f9c       0xe4 ../Middlewares/ST/AI/Lib\NetworkRuntime1010_CM4_GCC.a(ai_platform_interface.o)
                0x08004f9c                ai_platform_outputs_get
 .text.ai_platform_network_create
                0x08005080       0x84 ../Middlewares/ST/AI/Lib\NetworkRuntime1010_CM4_GCC.a(ai_platform_interface.o)
                0x08005080                ai_platform_network_create
 .text.ai_platform_network_init
                0x08005104      0x130 ../Middlewares/ST/AI/Lib\NetworkRuntime1010_CM4_GCC.a(ai_platform_interface.o)
                0x08005104                ai_platform_network_init
 .text.ai_platform_network_post_init
                0x08005234       0x5c ../Middlewares/ST/AI/Lib\NetworkRuntime1010_CM4_GCC.a(ai_platform_interface.o)
                0x08005234                ai_platform_network_post_init
 .text.ai_platform_network_process
                0x08005290      0x438 ../Middlewares/ST/AI/Lib\NetworkRuntime1010_CM4_GCC.a(ai_platform_interface.o)
                0x08005290                ai_platform_network_process
 .text.core_init
                0x080056c8        0x4 ../Middlewares/ST/AI/Lib\NetworkRuntime1010_CM4_GCC.a(core_common.o)
                0x080056c8                core_init
 .text.core_get_error
                0x080056cc        0xc ../Middlewares/ST/AI/Lib\NetworkRuntime1010_CM4_GCC.a(core_common.o)
                0x080056cc                core_get_error
 .text.core_set_error
                0x080056d8       0x18 ../Middlewares/ST/AI/Lib\NetworkRuntime1010_CM4_GCC.a(core_common.o)
                0x080056d8                core_set_error
 .text.ai_check_custom_types
                0x080056f0       0x54 ../Middlewares/ST/AI/Lib\NetworkRuntime1010_CM4_GCC.a(layers.o)
                0x080056f0                ai_check_custom_types
 .text.ai_layers_init_all
                0x08005744       0x20 ../Middlewares/ST/AI/Lib\NetworkRuntime1010_CM4_GCC.a(layers.o)
                0x08005744                ai_layers_init_all
 .text.ai_layers_post_init_all
                0x08005764       0x3c ../Middlewares/ST/AI/Lib\NetworkRuntime1010_CM4_GCC.a(layers.o)
                0x08005764                ai_layers_post_init_all
 .text.ai_layers_forward_all
                0x080057a0       0x90 ../Middlewares/ST/AI/Lib\NetworkRuntime1010_CM4_GCC.a(layers.o)
                0x080057a0                ai_layers_forward_all
 .text.forward_dense
                0x08005830      0x100 ../Middlewares/ST/AI/Lib\NetworkRuntime1010_CM4_GCC.a(layers_conv2d_generic_float.o)
                0x08005830                forward_dense
 .text.forward_relu
                0x08005930      0x134 ../Middlewares/ST/AI/Lib\NetworkRuntime1010_CM4_GCC.a(layers_nl_generic_float.o)
                0x08005930                forward_relu
 .text.forward_lite_nl_relu_generic_if32of32_kernel
                0x08005a64       0xf0 ../Middlewares/ST/AI/Lib\NetworkRuntime1010_CM4_GCC.a(lite_nl_relu_if32of32.o)
                0x08005a64                forward_lite_nl_relu_generic_if32of32_kernel
 .text.forward_lite_dense_if32of32wf32
                0x08005b54      0x2ac ../Middlewares/ST/AI/Lib\NetworkRuntime1010_CM4_GCC.a(lite_dense_if32.o)
                0x08005b54                forward_lite_dense_if32of32wf32
 .text.forward_lite_dense_if32of32wf32_lut4
                0x08005e00      0x288 ../Middlewares/ST/AI/Lib\NetworkRuntime1010_CM4_GCC.a(lite_dense_if32.o)
                0x08005e00                forward_lite_dense_if32of32wf32_lut4
 .text.forward_lite_dense_if32of32wf32_lut8
                0x08006088      0x298 ../Middlewares/ST/AI/Lib\NetworkRuntime1010_CM4_GCC.a(lite_dense_if32.o)
                0x08006088                forward_lite_dense_if32of32wf32_lut8
 .text.st_int8_copy
                0x08006320      0x13c ../Middlewares/ST/AI/Lib\NetworkRuntime1010_CM4_GCC.a(st_int8_fill.o)
                0x08006320                st_int8_copy
 .text.ai_array_to_buffer_fmt
                0x0800645c       0xe0 ../Middlewares/ST/AI/Lib\NetworkRuntime1010_CM4_GCC.a(ai_datatypes_format.o)
                0x0800645c                ai_array_to_buffer_fmt
 .text.ai_array_get_data_byte_size
                0x0800653c       0x24 ../Middlewares/ST/AI/Lib\NetworkRuntime1010_CM4_GCC.a(ai_datatypes_format.o)
                0x0800653c                ai_array_get_data_byte_size
 .text.ai_version_get
                0x08006560        0xc ../Middlewares/ST/AI/Lib\NetworkRuntime1010_CM4_GCC.a(ai_datatypes_internal.o)
                0x08006560                ai_version_get
 .text.get_tensor_byte_size
                0x0800656c       0x30 ../Middlewares/ST/AI/Lib\NetworkRuntime1010_CM4_GCC.a(ai_datatypes_internal.o)
                0x0800656c                get_tensor_byte_size
 .text.malloc   0x0800659c       0x10 C:/ST/STM32CubeIDE_1.16.0/STM32CubeIDE/plugins/com.st.stm32cube.ide.mcu.externaltools.gnu-tools-for-stm32.12.3.rel1.win32_1.0.200.202406191623/tools/bin/../lib/gcc/arm-none-eabi/12.3.1/../../../../arm-none-eabi/lib/thumb/v7e-m+fp/hard\libc_nano.a(libc_a-malloc.o)
                0x0800659c                malloc
 .text.sbrk_aligned
                0x080065ac       0x44 C:/ST/STM32CubeIDE_1.16.0/STM32CubeIDE/plugins/com.st.stm32cube.ide.mcu.externaltools.gnu-tools-for-stm32.12.3.rel1.win32_1.0.200.202406191623/tools/bin/../lib/gcc/arm-none-eabi/12.3.1/../../../../arm-none-eabi/lib/thumb/v7e-m+fp/hard\libc_nano.a(libc_a-mallocr.o)
 .text._malloc_r
                0x080065f0      0x100 C:/ST/STM32CubeIDE_1.16.0/STM32CubeIDE/plugins/com.st.stm32cube.ide.mcu.externaltools.gnu-tools-for-stm32.12.3.rel1.win32_1.0.200.202406191623/tools/bin/../lib/gcc/arm-none-eabi/12.3.1/../../../../arm-none-eabi/lib/thumb/v7e-m+fp/hard\libc_nano.a(libc_a-mallocr.o)
                0x080065f0                _malloc_r
 .text.__malloc_lock
                0x080066f0        0xc C:/ST/STM32CubeIDE_1.16.0/STM32CubeIDE/plugins/com.st.stm32cube.ide.mcu.externaltools.gnu-tools-for-stm32.12.3.rel1.win32_1.0.200.202406191623/tools/bin/../lib/gcc/arm-none-eabi/12.3.1/../../../../arm-none-eabi/lib/thumb/v7e-m+fp/hard\libc_nano.a(libc_a-mlock.o)
                0x080066f0                __malloc_lock
 .text.__malloc_unlock
                0x080066fc        0xc C:/ST/STM32CubeIDE_1.16.0/STM32CubeIDE/plugins/com.st.stm32cube.ide.mcu.externaltools.gnu-tools-for-stm32.12.3.rel1.win32_1.0.200.202406191623/tools/bin/../lib/gcc/arm-none-eabi/12.3.1/../../../../arm-none-eabi/lib/thumb/v7e-m+fp/hard\libc_nano.a(libc_a-mlock.o)
                0x080066fc                __malloc_unlock
 .text.rand     0x08006708       0x7c C:/ST/STM32CubeIDE_1.16.0/STM32CubeIDE/plugins/com.st.stm32cube.ide.mcu.externaltools.gnu-tools-for-stm32.12.3.rel1.win32_1.0.200.202406191623/tools/bin/../lib/gcc/arm-none-eabi/12.3.1/../../../../arm-none-eabi/lib/thumb/v7e-m+fp/hard\libc_nano.a(libc_a-rand.o)
                0x08006708                rand
 .text.std      0x08006784       0x6c C:/ST/STM32CubeIDE_1.16.0/STM32CubeIDE/plugins/com.st.stm32cube.ide.mcu.externaltools.gnu-tools-for-stm32.12.3.rel1.win32_1.0.200.202406191623/tools/bin/../lib/gcc/arm-none-eabi/12.3.1/../../../../arm-none-eabi/lib/thumb/v7e-m+fp/hard\libc_nano.a(libc_a-findfp.o)
 .text.stdio_exit_handler
                0x080067f0       0x18 C:/ST/STM32CubeIDE_1.16.0/STM32CubeIDE/plugins/com.st.stm32cube.ide.mcu.externaltools.gnu-tools-for-stm32.12.3.rel1.win32_1.0.200.202406191623/tools/bin/../lib/gcc/arm-none-eabi/12.3.1/../../../../arm-none-eabi/lib/thumb/v7e-m+fp/hard\libc_nano.a(libc_a-findfp.o)
 .text.cleanup_stdio
                0x08006808       0x40 C:/ST/STM32CubeIDE_1.16.0/STM32CubeIDE/plugins/com.st.stm32cube.ide.mcu.externaltools.gnu-tools-for-stm32.12.3.rel1.win32_1.0.200.202406191623/tools/bin/../lib/gcc/arm-none-eabi/12.3.1/../../../../arm-none-eabi/lib/thumb/v7e-m+fp/hard\libc_nano.a(libc_a-findfp.o)
 .text.global_stdio_init.part.0
                0x08006848       0x3c C:/ST/STM32CubeIDE_1.16.0/STM32CubeIDE/plugins/com.st.stm32cube.ide.mcu.externaltools.gnu-tools-for-stm32.12.3.rel1.win32_1.0.200.202406191623/tools/bin/../lib/gcc/arm-none-eabi/12.3.1/../../../../arm-none-eabi/lib/thumb/v7e-m+fp/hard\libc_nano.a(libc_a-findfp.o)
 .text.__sfp_lock_acquire
                0x08006884        0xc C:/ST/STM32CubeIDE_1.16.0/STM32CubeIDE/plugins/com.st.stm32cube.ide.mcu.externaltools.gnu-tools-for-stm32.12.3.rel1.win32_1.0.200.202406191623/tools/bin/../lib/gcc/arm-none-eabi/12.3.1/../../../../arm-none-eabi/lib/thumb/v7e-m+fp/hard\libc_nano.a(libc_a-findfp.o)
                0x08006884                __sfp_lock_acquire
 .text.__sfp_lock_release
                0x08006890        0xc C:/ST/STM32CubeIDE_1.16.0/STM32CubeIDE/plugins/com.st.stm32cube.ide.mcu.externaltools.gnu-tools-for-stm32.12.3.rel1.win32_1.0.200.202406191623/tools/bin/../lib/gcc/arm-none-eabi/12.3.1/../../../../arm-none-eabi/lib/thumb/v7e-m+fp/hard\libc_nano.a(libc_a-findfp.o)
                0x08006890                __sfp_lock_release
 .text.__sinit  0x0800689c       0x30 C:/ST/STM32CubeIDE_1.16.0/STM32CubeIDE/plugins/com.st.stm32cube.ide.mcu.externaltools.gnu-tools-for-stm32.12.3.rel1.win32_1.0.200.202406191623/tools/bin/../lib/gcc/arm-none-eabi/12.3.1/../../../../arm-none-eabi/lib/thumb/v7e-m+fp/hard\libc_nano.a(libc_a-findfp.o)
                0x0800689c                __sinit
 .text._fwalk_sglue
                0x080068cc       0x3c C:/ST/STM32CubeIDE_1.16.0/STM32CubeIDE/plugins/com.st.stm32cube.ide.mcu.externaltools.gnu-tools-for-stm32.12.3.rel1.win32_1.0.200.202406191623/tools/bin/../lib/gcc/arm-none-eabi/12.3.1/../../../../arm-none-eabi/lib/thumb/v7e-m+fp/hard\libc_nano.a(libc_a-fwalk.o)
                0x080068cc                _fwalk_sglue
 .text.printf   0x08006908       0x24 C:/ST/STM32CubeIDE_1.16.0/STM32CubeIDE/plugins/com.st.stm32cube.ide.mcu.externaltools.gnu-tools-for-stm32.12.3.rel1.win32_1.0.200.202406191623/tools/bin/../lib/gcc/arm-none-eabi/12.3.1/../../../../arm-none-eabi/lib/thumb/v7e-m+fp/hard\libc_nano.a(libc_a-printf.o)
                0x08006908                iprintf
                0x08006908                printf
 .text._puts_r  0x0800692c       0xaa C:/ST/STM32CubeIDE_1.16.0/STM32CubeIDE/plugins/com.st.stm32cube.ide.mcu.externaltools.gnu-tools-for-stm32.12.3.rel1.win32_1.0.200.202406191623/tools/bin/../lib/gcc/arm-none-eabi/12.3.1/../../../../arm-none-eabi/lib/thumb/v7e-m+fp/hard\libc_nano.a(libc_a-puts.o)
                0x0800692c                _puts_r
 *fill*         0x080069d6        0x2 
 .text.puts     0x080069d8       0x10 C:/ST/STM32CubeIDE_1.16.0/STM32CubeIDE/plugins/com.st.stm32cube.ide.mcu.externaltools.gnu-tools-for-stm32.12.3.rel1.win32_1.0.200.202406191623/tools/bin/../lib/gcc/arm-none-eabi/12.3.1/../../../../arm-none-eabi/lib/thumb/v7e-m+fp/hard\libc_nano.a(libc_a-puts.o)
                0x080069d8                puts
 .text.__sread  0x080069e8       0x22 C:/ST/STM32CubeIDE_1.16.0/STM32CubeIDE/plugins/com.st.stm32cube.ide.mcu.externaltools.gnu-tools-for-stm32.12.3.rel1.win32_1.0.200.202406191623/tools/bin/../lib/gcc/arm-none-eabi/12.3.1/../../../../arm-none-eabi/lib/thumb/v7e-m+fp/hard\libc_nano.a(libc_a-stdio.o)
                0x080069e8                __sread
 .text.__swrite
                0x08006a0a       0x38 C:/ST/STM32CubeIDE_1.16.0/STM32CubeIDE/plugins/com.st.stm32cube.ide.mcu.externaltools.gnu-tools-for-stm32.12.3.rel1.win32_1.0.200.202406191623/tools/bin/../lib/gcc/arm-none-eabi/12.3.1/../../../../arm-none-eabi/lib/thumb/v7e-m+fp/hard\libc_nano.a(libc_a-stdio.o)
                0x08006a0a                __swrite
 .text.__sseek  0x08006a42       0x24 C:/ST/STM32CubeIDE_1.16.0/STM32CubeIDE/plugins/com.st.stm32cube.ide.mcu.externaltools.gnu-tools-for-stm32.12.3.rel1.win32_1.0.200.202406191623/tools/bin/../lib/gcc/arm-none-eabi/12.3.1/../../../../arm-none-eabi/lib/thumb/v7e-m+fp/hard\libc_nano.a(libc_a-stdio.o)
                0x08006a42                __sseek
 .text.__sclose
                0x08006a66        0x8 C:/ST/STM32CubeIDE_1.16.0/STM32CubeIDE/plugins/com.st.stm32cube.ide.mcu.externaltools.gnu-tools-for-stm32.12.3.rel1.win32_1.0.200.202406191623/tools/bin/../lib/gcc/arm-none-eabi/12.3.1/../../../../arm-none-eabi/lib/thumb/v7e-m+fp/hard\libc_nano.a(libc_a-stdio.o)
                0x08006a66                __sclose
 .text.__swbuf_r
                0x08006a6e       0x7c C:/ST/STM32CubeIDE_1.16.0/STM32CubeIDE/plugins/com.st.stm32cube.ide.mcu.externaltools.gnu-tools-for-stm32.12.3.rel1.win32_1.0.200.202406191623/tools/bin/../lib/gcc/arm-none-eabi/12.3.1/../../../../arm-none-eabi/lib/thumb/v7e-m+fp/hard\libc_nano.a(libc_a-wbuf.o)
                0x08006a6e                __swbuf_r
 *fill*         0x08006aea        0x2 
 .text.__swsetup_r
                0x08006aec       0xac C:/ST/STM32CubeIDE_1.16.0/STM32CubeIDE/plugins/com.st.stm32cube.ide.mcu.externaltools.gnu-tools-for-stm32.12.3.rel1.win32_1.0.200.202406191623/tools/bin/../lib/gcc/arm-none-eabi/12.3.1/../../../../arm-none-eabi/lib/thumb/v7e-m+fp/hard\libc_nano.a(libc_a-wsetup.o)
                0x08006aec                __swsetup_r
 .text.memset   0x08006b98       0x10 C:/ST/STM32CubeIDE_1.16.0/STM32CubeIDE/plugins/com.st.stm32cube.ide.mcu.externaltools.gnu-tools-for-stm32.12.3.rel1.win32_1.0.200.202406191623/tools/bin/../lib/gcc/arm-none-eabi/12.3.1/../../../../arm-none-eabi/lib/thumb/v7e-m+fp/hard\libc_nano.a(libc_a-memset.o)
                0x08006b98                memset
 .text._close_r
                0x08006ba8       0x20 C:/ST/STM32CubeIDE_1.16.0/STM32CubeIDE/plugins/com.st.stm32cube.ide.mcu.externaltools.gnu-tools-for-stm32.12.3.rel1.win32_1.0.200.202406191623/tools/bin/../lib/gcc/arm-none-eabi/12.3.1/../../../../arm-none-eabi/lib/thumb/v7e-m+fp/hard\libc_nano.a(libc_a-closer.o)
                0x08006ba8                _close_r
 .text._lseek_r
                0x08006bc8       0x24 C:/ST/STM32CubeIDE_1.16.0/STM32CubeIDE/plugins/com.st.stm32cube.ide.mcu.externaltools.gnu-tools-for-stm32.12.3.rel1.win32_1.0.200.202406191623/tools/bin/../lib/gcc/arm-none-eabi/12.3.1/../../../../arm-none-eabi/lib/thumb/v7e-m+fp/hard\libc_nano.a(libc_a-lseekr.o)
                0x08006bc8                _lseek_r
 .text._read_r  0x08006bec       0x24 C:/ST/STM32CubeIDE_1.16.0/STM32CubeIDE/plugins/com.st.stm32cube.ide.mcu.externaltools.gnu-tools-for-stm32.12.3.rel1.win32_1.0.200.202406191623/tools/bin/../lib/gcc/arm-none-eabi/12.3.1/../../../../arm-none-eabi/lib/thumb/v7e-m+fp/hard\libc_nano.a(libc_a-readr.o)
                0x08006bec                _read_r
 .text._sbrk_r  0x08006c10       0x20 C:/ST/STM32CubeIDE_1.16.0/STM32CubeIDE/plugins/com.st.stm32cube.ide.mcu.externaltools.gnu-tools-for-stm32.12.3.rel1.win32_1.0.200.202406191623/tools/bin/../lib/gcc/arm-none-eabi/12.3.1/../../../../arm-none-eabi/lib/thumb/v7e-m+fp/hard\libc_nano.a(libc_a-sbrkr.o)
                0x08006c10                _sbrk_r
 .text._write_r
                0x08006c30       0x24 C:/ST/STM32CubeIDE_1.16.0/STM32CubeIDE/plugins/com.st.stm32cube.ide.mcu.externaltools.gnu-tools-for-stm32.12.3.rel1.win32_1.0.200.202406191623/tools/bin/../lib/gcc/arm-none-eabi/12.3.1/../../../../arm-none-eabi/lib/thumb/v7e-m+fp/hard\libc_nano.a(libc_a-writer.o)
                0x08006c30                _write_r
 .text.__errno  0x08006c54        0xc C:/ST/STM32CubeIDE_1.16.0/STM32CubeIDE/plugins/com.st.stm32cube.ide.mcu.externaltools.gnu-tools-for-stm32.12.3.rel1.win32_1.0.200.202406191623/tools/bin/../lib/gcc/arm-none-eabi/12.3.1/../../../../arm-none-eabi/lib/thumb/v7e-m+fp/hard\libc_nano.a(libc_a-errno.o)
                0x08006c54                __errno
 .text.__libc_init_array
                0x08006c60       0x48 C:/ST/STM32CubeIDE_1.16.0/STM32CubeIDE/plugins/com.st.stm32cube.ide.mcu.externaltools.gnu-tools-for-stm32.12.3.rel1.win32_1.0.200.202406191623/tools/bin/../lib/gcc/arm-none-eabi/12.3.1/../../../../arm-none-eabi/lib/thumb/v7e-m+fp/hard\libc_nano.a(libc_a-init.o)
                0x08006c60                __libc_init_array
 .text.__retarget_lock_init_recursive
                0x08006ca8        0x2 C:/ST/STM32CubeIDE_1.16.0/STM32CubeIDE/plugins/com.st.stm32cube.ide.mcu.externaltools.gnu-tools-for-stm32.12.3.rel1.win32_1.0.200.202406191623/tools/bin/../lib/gcc/arm-none-eabi/12.3.1/../../../../arm-none-eabi/lib/thumb/v7e-m+fp/hard\libc_nano.a(libc_a-lock.o)
                0x08006ca8                __retarget_lock_init_recursive
 .text.__retarget_lock_acquire_recursive
                0x08006caa        0x2 C:/ST/STM32CubeIDE_1.16.0/STM32CubeIDE/plugins/com.st.stm32cube.ide.mcu.externaltools.gnu-tools-for-stm32.12.3.rel1.win32_1.0.200.202406191623/tools/bin/../lib/gcc/arm-none-eabi/12.3.1/../../../../arm-none-eabi/lib/thumb/v7e-m+fp/hard\libc_nano.a(libc_a-lock.o)
                0x08006caa                __retarget_lock_acquire_recursive
 .text.__retarget_lock_release_recursive
                0x08006cac        0x2 C:/ST/STM32CubeIDE_1.16.0/STM32CubeIDE/plugins/com.st.stm32cube.ide.mcu.externaltools.gnu-tools-for-stm32.12.3.rel1.win32_1.0.200.202406191623/tools/bin/../lib/gcc/arm-none-eabi/12.3.1/../../../../arm-none-eabi/lib/thumb/v7e-m+fp/hard\libc_nano.a(libc_a-lock.o)
                0x08006cac                __retarget_lock_release_recursive
 *fill*         0x08006cae        0x2 
 .text.__assert_func
                0x08006cb0       0x3c C:/ST/STM32CubeIDE_1.16.0/STM32CubeIDE/plugins/com.st.stm32cube.ide.mcu.externaltools.gnu-tools-for-stm32.12.3.rel1.win32_1.0.200.202406191623/tools/bin/../lib/gcc/arm-none-eabi/12.3.1/../../../../arm-none-eabi/lib/thumb/v7e-m+fp/hard\libc_nano.a(libc_a-assert.o)
                0x08006cb0                __assert_func
 .text._free_r  0x08006cec       0x94 C:/ST/STM32CubeIDE_1.16.0/STM32CubeIDE/plugins/com.st.stm32cube.ide.mcu.externaltools.gnu-tools-for-stm32.12.3.rel1.win32_1.0.200.202406191623/tools/bin/../lib/gcc/arm-none-eabi/12.3.1/../../../../arm-none-eabi/lib/thumb/v7e-m+fp/hard\libc_nano.a(libc_a-freer.o)
                0x08006cec                _free_r
 .text.__sfputc_r
                0x08006d80       0x2e C:/ST/STM32CubeIDE_1.16.0/STM32CubeIDE/plugins/com.st.stm32cube.ide.mcu.externaltools.gnu-tools-for-stm32.12.3.rel1.win32_1.0.200.202406191623/tools/bin/../lib/gcc/arm-none-eabi/12.3.1/../../../../arm-none-eabi/lib/thumb/v7e-m+fp/hard\libc_nano.a(libc_a-nano-vfprintf.o)
 .text.__sfputs_r
                0x08006dae       0x24 C:/ST/STM32CubeIDE_1.16.0/STM32CubeIDE/plugins/com.st.stm32cube.ide.mcu.externaltools.gnu-tools-for-stm32.12.3.rel1.win32_1.0.200.202406191623/tools/bin/../lib/gcc/arm-none-eabi/12.3.1/../../../../arm-none-eabi/lib/thumb/v7e-m+fp/hard\libc_nano.a(libc_a-nano-vfprintf.o)
                0x08006dae                __sfputs_r
 *fill*         0x08006dd2        0x2 
 .text._vfprintf_r
                0x08006dd4      0x230 C:/ST/STM32CubeIDE_1.16.0/STM32CubeIDE/plugins/com.st.stm32cube.ide.mcu.externaltools.gnu-tools-for-stm32.12.3.rel1.win32_1.0.200.202406191623/tools/bin/../lib/gcc/arm-none-eabi/12.3.1/../../../../arm-none-eabi/lib/thumb/v7e-m+fp/hard\libc_nano.a(libc_a-nano-vfprintf.o)
                0x08006dd4                _vfprintf_r
                0x08006dd4                _vfiprintf_r
 .text._printf_common
                0x08007004       0xda C:/ST/STM32CubeIDE_1.16.0/STM32CubeIDE/plugins/com.st.stm32cube.ide.mcu.externaltools.gnu-tools-for-stm32.12.3.rel1.win32_1.0.200.202406191623/tools/bin/../lib/gcc/arm-none-eabi/12.3.1/../../../../arm-none-eabi/lib/thumb/v7e-m+fp/hard\libc_nano.a(libc_a-nano-vfprintf_i.o)
                0x08007004                _printf_common
 *fill*         0x080070de        0x2 
 .text._printf_i
                0x080070e0      0x240 C:/ST/STM32CubeIDE_1.16.0/STM32CubeIDE/plugins/com.st.stm32cube.ide.mcu.externaltools.gnu-tools-for-stm32.12.3.rel1.win32_1.0.200.202406191623/tools/bin/../lib/gcc/arm-none-eabi/12.3.1/../../../../arm-none-eabi/lib/thumb/v7e-m+fp/hard\libc_nano.a(libc_a-nano-vfprintf_i.o)
                0x080070e0                _printf_i
 .text.__sflush_r
                0x08007320      0x108 C:/ST/STM32CubeIDE_1.16.0/STM32CubeIDE/plugins/com.st.stm32cube.ide.mcu.externaltools.gnu-tools-for-stm32.12.3.rel1.win32_1.0.200.202406191623/tools/bin/../lib/gcc/arm-none-eabi/12.3.1/../../../../arm-none-eabi/lib/thumb/v7e-m+fp/hard\libc_nano.a(libc_a-fflush.o)
                0x08007320                __sflush_r
 .text._fflush_r
                0x08007428       0x50 C:/ST/STM32CubeIDE_1.16.0/STM32CubeIDE/plugins/com.st.stm32cube.ide.mcu.externaltools.gnu-tools-for-stm32.12.3.rel1.win32_1.0.200.202406191623/tools/bin/../lib/gcc/arm-none-eabi/12.3.1/../../../../arm-none-eabi/lib/thumb/v7e-m+fp/hard\libc_nano.a(libc_a-fflush.o)
                0x08007428                _fflush_r
 .text.fprintf  0x08007478       0x24 C:/ST/STM32CubeIDE_1.16.0/STM32CubeIDE/plugins/com.st.stm32cube.ide.mcu.externaltools.gnu-tools-for-stm32.12.3.rel1.win32_1.0.200.202406191623/tools/bin/../lib/gcc/arm-none-eabi/12.3.1/../../../../arm-none-eabi/lib/thumb/v7e-m+fp/hard\libc_nano.a(libc_a-fprintf.o)
                0x08007478                fiprintf
                0x08007478                fprintf
 .text.__swhatbuf_r
                0x0800749c       0x4c C:/ST/STM32CubeIDE_1.16.0/STM32CubeIDE/plugins/com.st.stm32cube.ide.mcu.externaltools.gnu-tools-for-stm32.12.3.rel1.win32_1.0.200.202406191623/tools/bin/../lib/gcc/arm-none-eabi/12.3.1/../../../../arm-none-eabi/lib/thumb/v7e-m+fp/hard\libc_nano.a(libc_a-makebuf.o)
                0x0800749c                __swhatbuf_r
 .text.__smakebuf_r
                0x080074e8       0x78 C:/ST/STM32CubeIDE_1.16.0/STM32CubeIDE/plugins/com.st.stm32cube.ide.mcu.externaltools.gnu-tools-for-stm32.12.3.rel1.win32_1.0.200.202406191623/tools/bin/../lib/gcc/arm-none-eabi/12.3.1/../../../../arm-none-eabi/lib/thumb/v7e-m+fp/hard\libc_nano.a(libc_a-makebuf.o)
                0x080074e8                __smakebuf_r
 .text._fstat_r
                0x08007560       0x24 C:/ST/STM32CubeIDE_1.16.0/STM32CubeIDE/plugins/com.st.stm32cube.ide.mcu.externaltools.gnu-tools-for-stm32.12.3.rel1.win32_1.0.200.202406191623/tools/bin/../lib/gcc/arm-none-eabi/12.3.1/../../../../arm-none-eabi/lib/thumb/v7e-m+fp/hard\libc_nano.a(libc_a-fstatr.o)
                0x08007560                _fstat_r
 .text._isatty_r
                0x08007584       0x20 C:/ST/STM32CubeIDE_1.16.0/STM32CubeIDE/plugins/com.st.stm32cube.ide.mcu.externaltools.gnu-tools-for-stm32.12.3.rel1.win32_1.0.200.202406191623/tools/bin/../lib/gcc/arm-none-eabi/12.3.1/../../../../arm-none-eabi/lib/thumb/v7e-m+fp/hard\libc_nano.a(libc_a-isattyr.o)
                0x08007584                _isatty_r
 .text.abort    0x080075a4        0xe C:/ST/STM32CubeIDE_1.16.0/STM32CubeIDE/plugins/com.st.stm32cube.ide.mcu.externaltools.gnu-tools-for-stm32.12.3.rel1.win32_1.0.200.202406191623/tools/bin/../lib/gcc/arm-none-eabi/12.3.1/../../../../arm-none-eabi/lib/thumb/v7e-m+fp/hard\libc_nano.a(libc_a-abort.o)
                0x080075a4                abort
 .text._raise_r
                0x080075b2       0x50 C:/ST/STM32CubeIDE_1.16.0/STM32CubeIDE/plugins/com.st.stm32cube.ide.mcu.externaltools.gnu-tools-for-stm32.12.3.rel1.win32_1.0.200.202406191623/tools/bin/../lib/gcc/arm-none-eabi/12.3.1/../../../../arm-none-eabi/lib/thumb/v7e-m+fp/hard\libc_nano.a(libc_a-signal.o)
                0x080075b2                _raise_r
 *fill*         0x08007602        0x2 
 .text.raise    0x08007604       0x10 C:/ST/STM32CubeIDE_1.16.0/STM32CubeIDE/plugins/com.st.stm32cube.ide.mcu.externaltools.gnu-tools-for-stm32.12.3.rel1.win32_1.0.200.202406191623/tools/bin/../lib/gcc/arm-none-eabi/12.3.1/../../../../arm-none-eabi/lib/thumb/v7e-m+fp/hard\libc_nano.a(libc_a-signal.o)
                0x08007604                raise
 .text._kill_r  0x08007614       0x24 C:/ST/STM32CubeIDE_1.16.0/STM32CubeIDE/plugins/com.st.stm32cube.ide.mcu.externaltools.gnu-tools-for-stm32.12.3.rel1.win32_1.0.200.202406191623/tools/bin/../lib/gcc/arm-none-eabi/12.3.1/../../../../arm-none-eabi/lib/thumb/v7e-m+fp/hard\libc_nano.a(libc_a-signalr.o)
                0x08007614                _kill_r
 .text._getpid_r
                0x08007638        0x4 C:/ST/STM32CubeIDE_1.16.0/STM32CubeIDE/plugins/com.st.stm32cube.ide.mcu.externaltools.gnu-tools-for-stm32.12.3.rel1.win32_1.0.200.202406191623/tools/bin/../lib/gcc/arm-none-eabi/12.3.1/../../../../arm-none-eabi/lib/thumb/v7e-m+fp/hard\libc_nano.a(libc_a-signalr.o)
                0x08007638                _getpid_r
 .text._close   0x0800763c       0x10 C:/ST/STM32CubeIDE_1.16.0/STM32CubeIDE/plugins/com.st.stm32cube.ide.mcu.externaltools.gnu-tools-for-stm32.12.3.rel1.win32_1.0.200.202406191623/tools/bin/../lib/gcc/arm-none-eabi/12.3.1/../../../../arm-none-eabi/lib/thumb/v7e-m+fp/hard\libnosys.a(close.o)
                0x0800763c                _close
 .text._fstat   0x0800764c       0x10 C:/ST/STM32CubeIDE_1.16.0/STM32CubeIDE/plugins/com.st.stm32cube.ide.mcu.externaltools.gnu-tools-for-stm32.12.3.rel1.win32_1.0.200.202406191623/tools/bin/../lib/gcc/arm-none-eabi/12.3.1/../../../../arm-none-eabi/lib/thumb/v7e-m+fp/hard\libnosys.a(fstat.o)
                0x0800764c                _fstat
 .text._getpid  0x0800765c       0x10 C:/ST/STM32CubeIDE_1.16.0/STM32CubeIDE/plugins/com.st.stm32cube.ide.mcu.externaltools.gnu-tools-for-stm32.12.3.rel1.win32_1.0.200.202406191623/tools/bin/../lib/gcc/arm-none-eabi/12.3.1/../../../../arm-none-eabi/lib/thumb/v7e-m+fp/hard\libnosys.a(getpid.o)
                0x0800765c                _getpid
 .text._isatty  0x0800766c       0x10 C:/ST/STM32CubeIDE_1.16.0/STM32CubeIDE/plugins/com.st.stm32cube.ide.mcu.externaltools.gnu-tools-for-stm32.12.3.rel1.win32_1.0.200.202406191623/tools/bin/../lib/gcc/arm-none-eabi/12.3.1/../../../../arm-none-eabi/lib/thumb/v7e-m+fp/hard\libnosys.a(isatty.o)
                0x0800766c                _isatty
 .text._kill    0x0800767c       0x10 C:/ST/STM32CubeIDE_1.16.0/STM32CubeIDE/plugins/com.st.stm32cube.ide.mcu.externaltools.gnu-tools-for-stm32.12.3.rel1.win32_1.0.200.202406191623/tools/bin/../lib/gcc/arm-none-eabi/12.3.1/../../../../arm-none-eabi/lib/thumb/v7e-m+fp/hard\libnosys.a(kill.o)
                0x0800767c                _kill
 .text._lseek   0x0800768c       0x10 C:/ST/STM32CubeIDE_1.16.0/STM32CubeIDE/plugins/com.st.stm32cube.ide.mcu.externaltools.gnu-tools-for-stm32.12.3.rel1.win32_1.0.200.202406191623/tools/bin/../lib/gcc/arm-none-eabi/12.3.1/../../../../arm-none-eabi/lib/thumb/v7e-m+fp/hard\libnosys.a(lseek.o)
                0x0800768c                _lseek
 .text._read    0x0800769c       0x10 C:/ST/STM32CubeIDE_1.16.0/STM32CubeIDE/plugins/com.st.stm32cube.ide.mcu.externaltools.gnu-tools-for-stm32.12.3.rel1.win32_1.0.200.202406191623/tools/bin/../lib/gcc/arm-none-eabi/12.3.1/../../../../arm-none-eabi/lib/thumb/v7e-m+fp/hard\libnosys.a(read.o)
                0x0800769c                _read
 .text._write   0x080076ac       0x10 C:/ST/STM32CubeIDE_1.16.0/STM32CubeIDE/plugins/com.st.stm32cube.ide.mcu.externaltools.gnu-tools-for-stm32.12.3.rel1.win32_1.0.200.202406191623/tools/bin/../lib/gcc/arm-none-eabi/12.3.1/../../../../arm-none-eabi/lib/thumb/v7e-m+fp/hard\libnosys.a(write.o)
                0x080076ac                _write
 .text._exit    0x080076bc        0x2 C:/ST/STM32CubeIDE_1.16.0/STM32CubeIDE/plugins/com.st.stm32cube.ide.mcu.externaltools.gnu-tools-for-stm32.12.3.rel1.win32_1.0.200.202406191623/tools/bin/../lib/gcc/arm-none-eabi/12.3.1/../../../../arm-none-eabi/lib/thumb/v7e-m+fp/hard\libnosys.a(_exit.o)
                0x080076bc                _exit
 *(.glue_7)
 .glue_7        0x080076be        0x0 linker stubs
 *(.glue_7t)
 .glue_7t       0x080076be        0x0 linker stubs
 *(.eh_frame)
 *fill*         0x080076be        0x2 
 .eh_frame      0x080076c0        0x0 C:/ST/STM32CubeIDE_1.16.0/STM32CubeIDE/plugins/com.st.stm32cube.ide.mcu.externaltools.gnu-tools-for-stm32.12.3.rel1.win32_1.0.200.202406191623/tools/bin/../lib/gcc/arm-none-eabi/12.3.1/thumb/v7e-m+fp/hard/crtbegin.o
 *(.init)
 .init          0x080076c0        0x4 C:/ST/STM32CubeIDE_1.16.0/STM32CubeIDE/plugins/com.st.stm32cube.ide.mcu.externaltools.gnu-tools-for-stm32.12.3.rel1.win32_1.0.200.202406191623/tools/bin/../lib/gcc/arm-none-eabi/12.3.1/thumb/v7e-m+fp/hard/crti.o
                0x080076c0                _init
 .init          0x080076c4        0x8 C:/ST/STM32CubeIDE_1.16.0/STM32CubeIDE/plugins/com.st.stm32cube.ide.mcu.externaltools.gnu-tools-for-stm32.12.3.rel1.win32_1.0.200.202406191623/tools/bin/../lib/gcc/arm-none-eabi/12.3.1/thumb/v7e-m+fp/hard/crtn.o
 *(.fini)
 .fini          0x080076cc        0x4 C:/ST/STM32CubeIDE_1.16.0/STM32CubeIDE/plugins/com.st.stm32cube.ide.mcu.externaltools.gnu-tools-for-stm32.12.3.rel1.win32_1.0.200.202406191623/tools/bin/../lib/gcc/arm-none-eabi/12.3.1/thumb/v7e-m+fp/hard/crti.o
                0x080076cc                _fini
 .fini          0x080076d0        0x8 C:/ST/STM32CubeIDE_1.16.0/STM32CubeIDE/plugins/com.st.stm32cube.ide.mcu.externaltools.gnu-tools-for-stm32.12.3.rel1.win32_1.0.200.202406191623/tools/bin/../lib/gcc/arm-none-eabi/12.3.1/thumb/v7e-m+fp/hard/crtn.o
                0x080076d8                        . = ALIGN (0x4)
                0x080076d8                        _etext = .

.vfp11_veneer   0x080076d8        0x0
 .vfp11_veneer  0x080076d8        0x0 linker stubs

.v4_bx          0x080076d8        0x0
 .v4_bx         0x080076d8        0x0 linker stubs

.iplt           0x080076d8        0x0
 .iplt          0x080076d8        0x0 C:/ST/STM32CubeIDE_1.16.0/STM32CubeIDE/plugins/com.st.stm32cube.ide.mcu.externaltools.gnu-tools-for-stm32.12.3.rel1.win32_1.0.200.202406191623/tools/bin/../lib/gcc/arm-none-eabi/12.3.1/thumb/v7e-m+fp/hard/crtbegin.o

.rodata         0x080076e0     0x3ed0
                0x080076e0                        . = ALIGN (0x4)
 *(.rodata)
 .rodata        0x080076e0        0x4 ./Core/Src/Snake_Game.o
 .rodata        0x080076e4       0xa5 ./X-CUBE-AI/App/app_x-cube-ai.o
 *fill*         0x08007789        0x3 
 .rodata        0x0800778c       0x30 ./X-CUBE-AI/App/myai_data.o
 *(.rodata*)
 .rodata.init_table
                0x080077bc       0x98 ./Core/Src/lcd.o
 .rodata.AHBPrescTable
                0x08007854       0x10 ./Core/Src/system_stm32l4xx.o
                0x08007854                AHBPrescTable
 .rodata.MSIRangeTable
                0x08007864       0x30 ./Core/Src/system_stm32l4xx.o
                0x08007864                MSIRangeTable
 .rodata.output_chain
                0x08007894        0x8 ./X-CUBE-AI/App/myai.o
 .rodata._relu_Relu_output_0_chain
                0x0800789c        0x8 ./X-CUBE-AI/App/myai.o
 .rodata._linear_1_Gemm_output_0_chain
                0x080078a4        0x8 ./X-CUBE-AI/App/myai.o
 *fill*         0x080078ac       0x14 
 .rodata.s_myai_weights_array_u64
                0x080078c0     0x3c10 ./X-CUBE-AI/App/myai_data_params.o
                0x080078c0                s_myai_weights_array_u64
 .rodata.srand.str1.1
                0x0800b4d0       0x6f C:/ST/STM32CubeIDE_1.16.0/STM32CubeIDE/plugins/com.st.stm32cube.ide.mcu.externaltools.gnu-tools-for-stm32.12.3.rel1.win32_1.0.200.202406191623/tools/bin/../lib/gcc/arm-none-eabi/12.3.1/../../../../arm-none-eabi/lib/thumb/v7e-m+fp/hard\libc_nano.a(libc_a-rand.o)
 .rodata.__assert_func.str1.1
                0x0800b53f       0x3c C:/ST/STM32CubeIDE_1.16.0/STM32CubeIDE/plugins/com.st.stm32cube.ide.mcu.externaltools.gnu-tools-for-stm32.12.3.rel1.win32_1.0.200.202406191623/tools/bin/../lib/gcc/arm-none-eabi/12.3.1/../../../../arm-none-eabi/lib/thumb/v7e-m+fp/hard\libc_nano.a(libc_a-assert.o)
                                 0x3d (size before relaxing)
 .rodata._vfprintf_r.str1.1
                0x0800b57b       0x11 C:/ST/STM32CubeIDE_1.16.0/STM32CubeIDE/plugins/com.st.stm32cube.ide.mcu.externaltools.gnu-tools-for-stm32.12.3.rel1.win32_1.0.200.202406191623/tools/bin/../lib/gcc/arm-none-eabi/12.3.1/../../../../arm-none-eabi/lib/thumb/v7e-m+fp/hard\libc_nano.a(libc_a-nano-vfprintf.o)
 .rodata._printf_i.str1.1
                0x0800b58c       0x22 C:/ST/STM32CubeIDE_1.16.0/STM32CubeIDE/plugins/com.st.stm32cube.ide.mcu.externaltools.gnu-tools-for-stm32.12.3.rel1.win32_1.0.200.202406191623/tools/bin/../lib/gcc/arm-none-eabi/12.3.1/../../../../arm-none-eabi/lib/thumb/v7e-m+fp/hard\libc_nano.a(libc_a-nano-vfprintf_i.o)
                0x0800b5b0                        . = ALIGN (0x4)
 *fill*         0x0800b5ae        0x2 

.ARM.extab      0x0800b5b0        0x0
                0x0800b5b0                        . = ALIGN (0x4)
 *(.ARM.extab* .gnu.linkonce.armextab.*)
                0x0800b5b0                        . = ALIGN (0x4)

.ARM            0x0800b5b0        0x8
                0x0800b5b0                        . = ALIGN (0x4)
                0x0800b5b0                        __exidx_start = .
 *(.ARM.exidx*)
 .ARM.exidx     0x0800b5b0        0x8 C:/ST/STM32CubeIDE_1.16.0/STM32CubeIDE/plugins/com.st.stm32cube.ide.mcu.externaltools.gnu-tools-for-stm32.12.3.rel1.win32_1.0.200.202406191623/tools/bin/../lib/gcc/arm-none-eabi/12.3.1/../../../../arm-none-eabi/lib/thumb/v7e-m+fp/hard\libc_nano.a(libc_a-memchr.o)
                0x0800b5b8                        __exidx_end = .
                0x0800b5b8                        . = ALIGN (0x4)

.preinit_array  0x0800b5b8        0x0
                0x0800b5b8                        . = ALIGN (0x4)
                0x0800b5b8                        PROVIDE (__preinit_array_start = .)
 *(.preinit_array*)
                0x0800b5b8                        PROVIDE (__preinit_array_end = .)
                0x0800b5b8                        . = ALIGN (0x4)

.init_array     0x0800b5b8        0x4
                0x0800b5b8                        . = ALIGN (0x4)
                0x0800b5b8                        PROVIDE (__init_array_start = .)
 *(SORT_BY_NAME(.init_array.*))
 *(.init_array*)
 .init_array    0x0800b5b8        0x4 C:/ST/STM32CubeIDE_1.16.0/STM32CubeIDE/plugins/com.st.stm32cube.ide.mcu.externaltools.gnu-tools-for-stm32.12.3.rel1.win32_1.0.200.202406191623/tools/bin/../lib/gcc/arm-none-eabi/12.3.1/thumb/v7e-m+fp/hard/crtbegin.o
                0x0800b5bc                        PROVIDE (__init_array_end = .)
                0x0800b5bc                        . = ALIGN (0x4)

.fini_array     0x0800b5bc        0x4
                0x0800b5bc                        . = ALIGN (0x4)
                [!provide]                        PROVIDE (__fini_array_start = .)
 *(SORT_BY_NAME(.fini_array.*))
 *(.fini_array*)
 .fini_array    0x0800b5bc        0x4 C:/ST/STM32CubeIDE_1.16.0/STM32CubeIDE/plugins/com.st.stm32cube.ide.mcu.externaltools.gnu-tools-for-stm32.12.3.rel1.win32_1.0.200.202406191623/tools/bin/../lib/gcc/arm-none-eabi/12.3.1/thumb/v7e-m+fp/hard/crtbegin.o
                [!provide]                        PROVIDE (__fini_array_end = .)
                0x0800b5c0                        . = ALIGN (0x4)
                0x0800b5c0                        _sidata = LOADADDR (.data)

.rel.dyn        0x0800b5c0        0x0
 .rel.iplt      0x0800b5c0        0x0 C:/ST/STM32CubeIDE_1.16.0/STM32CubeIDE/plugins/com.st.stm32cube.ide.mcu.externaltools.gnu-tools-for-stm32.12.3.rel1.win32_1.0.200.202406191623/tools/bin/../lib/gcc/arm-none-eabi/12.3.1/thumb/v7e-m+fp/hard/crtbegin.o

.data           0x20000000      0x510 load address 0x0800b5c0
                0x20000000                        . = ALIGN (0x4)
                0x20000000                        _sdata = .
 *(.data)
 *(.data*)
 .data.SystemCoreClock
                0x20000000        0x4 ./Core/Src/system_stm32l4xx.o
                0x20000000                SystemCoreClock
 .data.uwTickPrio
                0x20000004        0x4 ./Drivers/STM32L4xx_HAL_Driver/Src/stm32l4xx_hal.o
                0x20000004                uwTickPrio
 .data.uwTickFreq
                0x20000008        0x1 ./Drivers/STM32L4xx_HAL_Driver/Src/stm32l4xx_hal.o
                0x20000008                uwTickFreq
 *fill*         0x20000009        0x3 
 .data.data_activations0
                0x2000000c        0x4 ./X-CUBE-AI/App/app_x-cube-ai.o
                0x2000000c                data_activations0
 .data.input_output_array
                0x20000010       0x10 ./X-CUBE-AI/App/myai.o
 .data._linear_1_Gemm_output_0_output_array
                0x20000020       0x10 ./X-CUBE-AI/App/myai.o
 .data._relu_Relu_output_0_output_array
                0x20000030       0x10 ./X-CUBE-AI/App/myai.o
 .data.output_output_array
                0x20000040       0x10 ./X-CUBE-AI/App/myai.o
 .data._linear_1_Gemm_output_0_weights_array
                0x20000050       0x10 ./X-CUBE-AI/App/myai.o
 .data._linear_1_Gemm_output_0_bias_array
                0x20000060       0x10 ./X-CUBE-AI/App/myai.o
 .data.output_weights_array
                0x20000070       0x10 ./X-CUBE-AI/App/myai.o
 .data.output_bias_array
                0x20000080       0x10 ./X-CUBE-AI/App/myai.o
 .data.__compound_literal.0
                0x20000090       0x10 ./X-CUBE-AI/App/myai.o
 .data.__compound_literal.1
                0x200000a0       0x10 ./X-CUBE-AI/App/myai.o
 .data._linear_1_Gemm_output_0_bias
                0x200000b0       0x1c ./X-CUBE-AI/App/myai.o
 .data.__compound_literal.2
                0x200000cc       0x10 ./X-CUBE-AI/App/myai.o
 .data.__compound_literal.3
                0x200000dc       0x10 ./X-CUBE-AI/App/myai.o
 .data._linear_1_Gemm_output_0_output
                0x200000ec       0x1c ./X-CUBE-AI/App/myai.o
 .data.__compound_literal.4
                0x20000108       0x10 ./X-CUBE-AI/App/myai.o
 .data.__compound_literal.5
                0x20000118       0x10 ./X-CUBE-AI/App/myai.o
 .data._linear_1_Gemm_output_0_weights
                0x20000128       0x1c ./X-CUBE-AI/App/myai.o
 .data.__compound_literal.6
                0x20000144       0x10 ./X-CUBE-AI/App/myai.o
 .data.__compound_literal.7
                0x20000154       0x10 ./X-CUBE-AI/App/myai.o
 .data._relu_Relu_output_0_output
                0x20000164       0x1c ./X-CUBE-AI/App/myai.o
 .data.__compound_literal.8
                0x20000180       0x10 ./X-CUBE-AI/App/myai.o
 .data.__compound_literal.9
                0x20000190       0x10 ./X-CUBE-AI/App/myai.o
 .data.input_output
                0x200001a0       0x1c ./X-CUBE-AI/App/myai.o
 .data.__compound_literal.10
                0x200001bc       0x10 ./X-CUBE-AI/App/myai.o
 .data.__compound_literal.11
                0x200001cc       0x10 ./X-CUBE-AI/App/myai.o
 .data.output_bias
                0x200001dc       0x1c ./X-CUBE-AI/App/myai.o
 .data.__compound_literal.12
                0x200001f8       0x10 ./X-CUBE-AI/App/myai.o
 .data.__compound_literal.13
                0x20000208       0x10 ./X-CUBE-AI/App/myai.o
 .data.output_output
                0x20000218       0x1c ./X-CUBE-AI/App/myai.o
 .data.__compound_literal.14
                0x20000234       0x10 ./X-CUBE-AI/App/myai.o
 .data.__compound_literal.15
                0x20000244       0x10 ./X-CUBE-AI/App/myai.o
 .data.output_weights
                0x20000254       0x1c ./X-CUBE-AI/App/myai.o
 .data.__compound_literal.16
                0x20000270        0x4 ./X-CUBE-AI/App/myai.o
 .data.__compound_literal.17
                0x20000274        0x4 ./X-CUBE-AI/App/myai.o
 .data.__compound_literal.18
                0x20000278        0x8 ./X-CUBE-AI/App/myai.o
 .data.__compound_literal.20
                0x20000280       0x30 ./X-CUBE-AI/App/myai.o
 .data.output_layer
                0x200002b0       0x1c ./X-CUBE-AI/App/myai.o
 .data.__compound_literal.21
                0x200002cc        0x4 ./X-CUBE-AI/App/myai.o
 .data.__compound_literal.22
                0x200002d0        0x4 ./X-CUBE-AI/App/myai.o
 .data.__compound_literal.25
                0x200002d4       0x30 ./X-CUBE-AI/App/myai.o
 .data._relu_Relu_output_0_layer
                0x20000304       0x20 ./X-CUBE-AI/App/myai.o
 .data.__compound_literal.26
                0x20000324        0x4 ./X-CUBE-AI/App/myai.o
 .data.__compound_literal.27
                0x20000328        0x4 ./X-CUBE-AI/App/myai.o
 .data.__compound_literal.28
                0x2000032c        0x8 ./X-CUBE-AI/App/myai.o
 .data.__compound_literal.30
                0x20000334       0x30 ./X-CUBE-AI/App/myai.o
 .data._linear_1_Gemm_output_0_layer
                0x20000364       0x1c ./X-CUBE-AI/App/myai.o
 .data.__compound_literal.31
                0x20000380       0x10 ./X-CUBE-AI/App/myai.o
 .data.__compound_literal.32
                0x20000390       0x1c ./X-CUBE-AI/App/myai.o
 .data.__compound_literal.33
                0x200003ac       0x10 ./X-CUBE-AI/App/myai.o
 .data.__compound_literal.34
                0x200003bc       0x1c ./X-CUBE-AI/App/myai.o
 .data.__compound_literal.35
                0x200003d8        0x4 ./X-CUBE-AI/App/myai.o
 .data.__compound_literal.39
                0x200003dc        0xc ./X-CUBE-AI/App/myai.o
 .data.__compound_literal.40
                0x200003e8        0x4 ./X-CUBE-AI/App/myai.o
 .data.__compound_literal.44
                0x200003ec        0xc ./X-CUBE-AI/App/myai.o
 .data.__compound_literal.45
                0x200003f8       0x18 ./X-CUBE-AI/App/myai.o
 .data.g_myai   0x20000410       0x4c ./X-CUBE-AI/App/myai.o
 .data.__compound_literal.0
                0x2000045c       0x10 ./X-CUBE-AI/App/myai_data.o
 .data.g_myai_data_map_activations
                0x2000046c       0x1c ./X-CUBE-AI/App/myai_data.o
                0x2000046c                g_myai_data_map_activations
 .data.__compound_literal.1
                0x20000488       0x10 ./X-CUBE-AI/App/myai_data.o
 .data.g_myai_data_map_weights
                0x20000498       0x1c ./X-CUBE-AI/App/myai_data.o
                0x20000498                g_myai_data_map_weights
 .data.__sglue  0x200004b4        0xc C:/ST/STM32CubeIDE_1.16.0/STM32CubeIDE/plugins/com.st.stm32cube.ide.mcu.externaltools.gnu-tools-for-stm32.12.3.rel1.win32_1.0.200.202406191623/tools/bin/../lib/gcc/arm-none-eabi/12.3.1/../../../../arm-none-eabi/lib/thumb/v7e-m+fp/hard\libc_nano.a(libc_a-findfp.o)
                0x200004b4                __sglue
 .data._impure_ptr
                0x200004c0        0x4 C:/ST/STM32CubeIDE_1.16.0/STM32CubeIDE/plugins/com.st.stm32cube.ide.mcu.externaltools.gnu-tools-for-stm32.12.3.rel1.win32_1.0.200.202406191623/tools/bin/../lib/gcc/arm-none-eabi/12.3.1/../../../../arm-none-eabi/lib/thumb/v7e-m+fp/hard\libc_nano.a(libc_a-impure.o)
                0x200004c0                _impure_ptr
 .data._impure_data
                0x200004c4       0x4c C:/ST/STM32CubeIDE_1.16.0/STM32CubeIDE/plugins/com.st.stm32cube.ide.mcu.externaltools.gnu-tools-for-stm32.12.3.rel1.win32_1.0.200.202406191623/tools/bin/../lib/gcc/arm-none-eabi/12.3.1/../../../../arm-none-eabi/lib/thumb/v7e-m+fp/hard\libc_nano.a(libc_a-impure.o)
                0x200004c4                _impure_data
 *(.RamFunc)
 *(.RamFunc*)
                0x20000510                        . = ALIGN (0x4)
                0x20000510                        _edata = .

.igot.plt       0x20000510        0x0 load address 0x0800bad0
 .igot.plt      0x20000510        0x0 C:/ST/STM32CubeIDE_1.16.0/STM32CubeIDE/plugins/com.st.stm32cube.ide.mcu.externaltools.gnu-tools-for-stm32.12.3.rel1.win32_1.0.200.202406191623/tools/bin/../lib/gcc/arm-none-eabi/12.3.1/thumb/v7e-m+fp/hard/crtbegin.o
                0x20000510                        . = ALIGN (0x4)

.bss            0x20000520     0xaa64 load address 0x0800bad0
                0x20000520                        _sbss = .
                0x20000520                        __bss_start__ = _sbss
 *(.bss)
 .bss           0x20000520       0x1c C:/ST/STM32CubeIDE_1.16.0/STM32CubeIDE/plugins/com.st.stm32cube.ide.mcu.externaltools.gnu-tools-for-stm32.12.3.rel1.win32_1.0.200.202406191623/tools/bin/../lib/gcc/arm-none-eabi/12.3.1/thumb/v7e-m+fp/hard/crtbegin.o
 *(.bss*)
 .bss.snake     0x2000053c      0x320 ./Core/Src/Snake_Game.o
 .bss.snake_length
                0x2000085c        0x4 ./Core/Src/Snake_Game.o
 .bss.direction
                0x20000860        0x1 ./Core/Src/Snake_Game.o
 *fill*         0x20000861        0x3 
 .bss.food      0x20000864        0x8 ./Core/Src/Snake_Game.o
 .bss.hadc2     0x2000086c       0x64 ./Core/Src/adc.o
                0x2000086c                hadc2
 .bss.hcrc      0x200008d0       0x24 ./Core/Src/crc.o
                0x200008d0                hcrc
 .bss.frame_buffer
                0x200008f4     0xa000 ./Core/Src/lcd.o
 .bss.hspi2     0x2000a8f4       0x64 ./Core/Src/spi.o
                0x2000a8f4                hspi2
 .bss.__sbrk_heap_end
                0x2000a958        0x4 ./Core/Src/sysmem.o
 .bss.uwTick    0x2000a95c        0x4 ./Drivers/STM32L4xx_HAL_Driver/Src/stm32l4xx_hal.o
                0x2000a95c                uwTick
 .bss.data_ins  0x2000a960        0x4 ./X-CUBE-AI/App/app_x-cube-ai.o
                0x2000a960                data_ins
 .bss.data_outs
                0x2000a964        0x4 ./X-CUBE-AI/App/app_x-cube-ai.o
                0x2000a964                data_outs
 *fill*         0x2000a968       0x18 
 .bss.pool0     0x2000a980      0x42c ./X-CUBE-AI/App/app_x-cube-ai.o
 .bss.myai      0x2000adac        0x4 ./X-CUBE-AI/App/app_x-cube-ai.o
 .bss.ai_input  0x2000adb0        0x4 ./X-CUBE-AI/App/app_x-cube-ai.o
 .bss.ai_output
                0x2000adb4        0x4 ./X-CUBE-AI/App/app_x-cube-ai.o
 .bss.g_myai_activations_map
                0x2000adb8        0x4 ./X-CUBE-AI/App/myai.o
 .bss.g_myai_weights_map
                0x2000adbc        0x4 ./X-CUBE-AI/App/myai.o
 .bss.__compound_literal.19
                0x2000adc0        0x4 ./X-CUBE-AI/App/myai.o
 .bss.__compound_literal.23
                0x2000adc4        0x4 ./X-CUBE-AI/App/myai.o
 .bss.__compound_literal.24
                0x2000adc8        0x4 ./X-CUBE-AI/App/myai.o
 .bss.__compound_literal.29
                0x2000adcc        0x4 ./X-CUBE-AI/App/myai.o
 .bss.__compound_literal.36
                0x2000add0       0x1c ./X-CUBE-AI/App/myai.o
 .bss.__compound_literal.37
                0x2000adec       0x10 ./X-CUBE-AI/App/myai.o
 .bss.__compound_literal.38
                0x2000adfc        0x8 ./X-CUBE-AI/App/myai.o
 .bss.__compound_literal.41
                0x2000ae04       0x1c ./X-CUBE-AI/App/myai.o
 .bss.__compound_literal.42
                0x2000ae20       0x10 ./X-CUBE-AI/App/myai.o
 .bss.__compound_literal.43
                0x2000ae30        0x8 ./X-CUBE-AI/App/myai.o
 .bss.__malloc_sbrk_start
                0x2000ae38        0x4 C:/ST/STM32CubeIDE_1.16.0/STM32CubeIDE/plugins/com.st.stm32cube.ide.mcu.externaltools.gnu-tools-for-stm32.12.3.rel1.win32_1.0.200.202406191623/tools/bin/../lib/gcc/arm-none-eabi/12.3.1/../../../../arm-none-eabi/lib/thumb/v7e-m+fp/hard\libc_nano.a(libc_a-mallocr.o)
                0x2000ae38                __malloc_sbrk_start
 .bss.__malloc_free_list
                0x2000ae3c        0x4 C:/ST/STM32CubeIDE_1.16.0/STM32CubeIDE/plugins/com.st.stm32cube.ide.mcu.externaltools.gnu-tools-for-stm32.12.3.rel1.win32_1.0.200.202406191623/tools/bin/../lib/gcc/arm-none-eabi/12.3.1/../../../../arm-none-eabi/lib/thumb/v7e-m+fp/hard\libc_nano.a(libc_a-mallocr.o)
                0x2000ae3c                __malloc_free_list
 .bss.__sf      0x2000ae40      0x138 C:/ST/STM32CubeIDE_1.16.0/STM32CubeIDE/plugins/com.st.stm32cube.ide.mcu.externaltools.gnu-tools-for-stm32.12.3.rel1.win32_1.0.200.202406191623/tools/bin/../lib/gcc/arm-none-eabi/12.3.1/../../../../arm-none-eabi/lib/thumb/v7e-m+fp/hard\libc_nano.a(libc_a-findfp.o)
                0x2000ae40                __sf
 .bss.__stdio_exit_handler
                0x2000af78        0x4 C:/ST/STM32CubeIDE_1.16.0/STM32CubeIDE/plugins/com.st.stm32cube.ide.mcu.externaltools.gnu-tools-for-stm32.12.3.rel1.win32_1.0.200.202406191623/tools/bin/../lib/gcc/arm-none-eabi/12.3.1/../../../../arm-none-eabi/lib/thumb/v7e-m+fp/hard\libc_nano.a(libc_a-findfp.o)
                0x2000af78                __stdio_exit_handler
 .bss.errno     0x2000af7c        0x4 C:/ST/STM32CubeIDE_1.16.0/STM32CubeIDE/plugins/com.st.stm32cube.ide.mcu.externaltools.gnu-tools-for-stm32.12.3.rel1.win32_1.0.200.202406191623/tools/bin/../lib/gcc/arm-none-eabi/12.3.1/../../../../arm-none-eabi/lib/thumb/v7e-m+fp/hard\libc_nano.a(libc_a-reent.o)
                0x2000af7c                errno
 .bss.__lock___malloc_recursive_mutex
                0x2000af80        0x1 C:/ST/STM32CubeIDE_1.16.0/STM32CubeIDE/plugins/com.st.stm32cube.ide.mcu.externaltools.gnu-tools-for-stm32.12.3.rel1.win32_1.0.200.202406191623/tools/bin/../lib/gcc/arm-none-eabi/12.3.1/../../../../arm-none-eabi/lib/thumb/v7e-m+fp/hard\libc_nano.a(libc_a-lock.o)
                0x2000af80                __lock___malloc_recursive_mutex
 .bss.__lock___sfp_recursive_mutex
                0x2000af81        0x1 C:/ST/STM32CubeIDE_1.16.0/STM32CubeIDE/plugins/com.st.stm32cube.ide.mcu.externaltools.gnu-tools-for-stm32.12.3.rel1.win32_1.0.200.202406191623/tools/bin/../lib/gcc/arm-none-eabi/12.3.1/../../../../arm-none-eabi/lib/thumb/v7e-m+fp/hard\libc_nano.a(libc_a-lock.o)
                0x2000af81                __lock___sfp_recursive_mutex
 *(COMMON)
                0x2000af84                        . = ALIGN (0x4)
 *fill*         0x2000af82        0x2 
                0x2000af84                        _ebss = .
                0x2000af84                        __bss_end__ = _ebss

._user_heap_stack
                0x2000af84     0x1004 load address 0x0800bad0
                0x2000af88                        . = ALIGN (0x8)
 *fill*         0x2000af84        0x4 
                [!provide]                        PROVIDE (end = .)
                0x2000af88                        PROVIDE (_end = .)
                0x2000b788                        . = (. + _Min_Heap_Size)
 *fill*         0x2000af88      0x800 
                0x2000bf88                        . = (. + _Min_Stack_Size)
 *fill*         0x2000b788      0x800 
                0x2000bf88                        . = ALIGN (0x8)

/DISCARD/
 libc.a(*)
 libm.a(*)
 libgcc.a(*)

.ARM.attributes
                0x00000000       0x30
 *(.ARM.attributes)
 .ARM.attributes
                0x00000000       0x22 C:/ST/STM32CubeIDE_1.16.0/STM32CubeIDE/plugins/com.st.stm32cube.ide.mcu.externaltools.gnu-tools-for-stm32.12.3.rel1.win32_1.0.200.202406191623/tools/bin/../lib/gcc/arm-none-eabi/12.3.1/thumb/v7e-m+fp/hard/crti.o
 .ARM.attributes
                0x00000022       0x34 C:/ST/STM32CubeIDE_1.16.0/STM32CubeIDE/plugins/com.st.stm32cube.ide.mcu.externaltools.gnu-tools-for-stm32.12.3.rel1.win32_1.0.200.202406191623/tools/bin/../lib/gcc/arm-none-eabi/12.3.1/thumb/v7e-m+fp/hard/crtbegin.o
 .ARM.attributes
                0x00000056       0x34 ./Core/Src/Snake_Game.o
 .ARM.attributes
                0x0000008a       0x34 ./Core/Src/adc.o
 .ARM.attributes
                0x000000be       0x34 ./Core/Src/crc.o
 .ARM.attributes
                0x000000f2       0x34 ./Core/Src/gpio.o
 .ARM.attributes
                0x00000126       0x34 ./Core/Src/lcd.o
 .ARM.attributes
                0x0000015a       0x34 ./Core/Src/main.o
 .ARM.attributes
                0x0000018e       0x34 ./Core/Src/spi.o
 .ARM.attributes
                0x000001c2       0x34 ./Core/Src/stm32l4xx_hal_msp.o
 .ARM.attributes
                0x000001f6       0x34 ./Core/Src/stm32l4xx_it.o
 .ARM.attributes
                0x0000022a       0x34 ./Core/Src/sysmem.o
 .ARM.attributes
                0x0000025e       0x34 ./Core/Src/system_stm32l4xx.o
 .ARM.attributes
                0x00000292       0x21 ./Core/Startup/startup_stm32l476rgtx.o
 .ARM.attributes
                0x000002b3       0x34 ./Drivers/STM32L4xx_HAL_Driver/Src/stm32l4xx_hal.o
 .ARM.attributes
                0x000002e7       0x34 ./Drivers/STM32L4xx_HAL_Driver/Src/stm32l4xx_hal_adc.o
 .ARM.attributes
                0x0000031b       0x34 ./Drivers/STM32L4xx_HAL_Driver/Src/stm32l4xx_hal_cortex.o
 .ARM.attributes
                0x0000034f       0x34 ./Drivers/STM32L4xx_HAL_Driver/Src/stm32l4xx_hal_crc.o
 .ARM.attributes
                0x00000383       0x34 ./Drivers/STM32L4xx_HAL_Driver/Src/stm32l4xx_hal_crc_ex.o
 .ARM.attributes
                0x000003b7       0x34 ./Drivers/STM32L4xx_HAL_Driver/Src/stm32l4xx_hal_gpio.o
 .ARM.attributes
                0x000003eb       0x34 ./Drivers/STM32L4xx_HAL_Driver/Src/stm32l4xx_hal_pwr_ex.o
 .ARM.attributes
                0x0000041f       0x34 ./Drivers/STM32L4xx_HAL_Driver/Src/stm32l4xx_hal_rcc.o
 .ARM.attributes
                0x00000453       0x34 ./Drivers/STM32L4xx_HAL_Driver/Src/stm32l4xx_hal_rcc_ex.o
 .ARM.attributes
                0x00000487       0x34 ./Drivers/STM32L4xx_HAL_Driver/Src/stm32l4xx_hal_spi.o
 .ARM.attributes
                0x000004bb       0x34 ./X-CUBE-AI/App/app_x-cube-ai.o
 .ARM.attributes
                0x000004ef       0x34 ./X-CUBE-AI/App/myai.o
 .ARM.attributes
                0x00000523       0x34 ./X-CUBE-AI/App/myai_data.o
 .ARM.attributes
                0x00000557       0x34 ./X-CUBE-AI/App/myai_data_params.o
 .ARM.attributes
                0x0000058b       0x30 ../Middlewares/ST/AI/Lib\NetworkRuntime1010_CM4_GCC.a(ai_platform.o)
 .ARM.attributes
                0x000005bb       0x30 ../Middlewares/ST/AI/Lib\NetworkRuntime1010_CM4_GCC.a(ai_platform_interface.o)
 .ARM.attributes
                0x000005eb       0x30 ../Middlewares/ST/AI/Lib\NetworkRuntime1010_CM4_GCC.a(core_common.o)
 .ARM.attributes
                0x0000061b       0x30 ../Middlewares/ST/AI/Lib\NetworkRuntime1010_CM4_GCC.a(layers.o)
 .ARM.attributes
                0x0000064b       0x30 ../Middlewares/ST/AI/Lib\NetworkRuntime1010_CM4_GCC.a(layers_conv2d_generic_float.o)
 .ARM.attributes
                0x0000067b       0x30 ../Middlewares/ST/AI/Lib\NetworkRuntime1010_CM4_GCC.a(layers_nl_generic_float.o)
 .ARM.attributes
                0x000006ab       0x30 ../Middlewares/ST/AI/Lib\NetworkRuntime1010_CM4_GCC.a(lite_nl_relu_if32of32.o)
 .ARM.attributes
                0x000006db       0x30 ../Middlewares/ST/AI/Lib\NetworkRuntime1010_CM4_GCC.a(lite_dense_if32.o)
 .ARM.attributes
                0x0000070b       0x30 ../Middlewares/ST/AI/Lib\NetworkRuntime1010_CM4_GCC.a(st_int8_fill.o)
 .ARM.attributes
                0x0000073b       0x30 ../Middlewares/ST/AI/Lib\NetworkRuntime1010_CM4_GCC.a(ai_datatypes_format.o)
 .ARM.attributes
                0x0000076b       0x30 ../Middlewares/ST/AI/Lib\NetworkRuntime1010_CM4_GCC.a(ai_datatypes_internal.o)
 .ARM.attributes
                0x0000079b       0x34 C:/ST/STM32CubeIDE_1.16.0/STM32CubeIDE/plugins/com.st.stm32cube.ide.mcu.externaltools.gnu-tools-for-stm32.12.3.rel1.win32_1.0.200.202406191623/tools/bin/../lib/gcc/arm-none-eabi/12.3.1/../../../../arm-none-eabi/lib/thumb/v7e-m+fp/hard\libc_nano.a(libc_a-malloc.o)
 .ARM.attributes
                0x000007cf       0x34 C:/ST/STM32CubeIDE_1.16.0/STM32CubeIDE/plugins/com.st.stm32cube.ide.mcu.externaltools.gnu-tools-for-stm32.12.3.rel1.win32_1.0.200.202406191623/tools/bin/../lib/gcc/arm-none-eabi/12.3.1/../../../../arm-none-eabi/lib/thumb/v7e-m+fp/hard\libc_nano.a(libc_a-mallocr.o)
 .ARM.attributes
                0x00000803       0x34 C:/ST/STM32CubeIDE_1.16.0/STM32CubeIDE/plugins/com.st.stm32cube.ide.mcu.externaltools.gnu-tools-for-stm32.12.3.rel1.win32_1.0.200.202406191623/tools/bin/../lib/gcc/arm-none-eabi/12.3.1/../../../../arm-none-eabi/lib/thumb/v7e-m+fp/hard\libc_nano.a(libc_a-mlock.o)
 .ARM.attributes
                0x00000837       0x34 C:/ST/STM32CubeIDE_1.16.0/STM32CubeIDE/plugins/com.st.stm32cube.ide.mcu.externaltools.gnu-tools-for-stm32.12.3.rel1.win32_1.0.200.202406191623/tools/bin/../lib/gcc/arm-none-eabi/12.3.1/../../../../arm-none-eabi/lib/thumb/v7e-m+fp/hard\libc_nano.a(libc_a-rand.o)
 .ARM.attributes
                0x0000086b       0x34 C:/ST/STM32CubeIDE_1.16.0/STM32CubeIDE/plugins/com.st.stm32cube.ide.mcu.externaltools.gnu-tools-for-stm32.12.3.rel1.win32_1.0.200.202406191623/tools/bin/../lib/gcc/arm-none-eabi/12.3.1/../../../../arm-none-eabi/lib/thumb/v7e-m+fp/hard\libc_nano.a(libc_a-findfp.o)
 .ARM.attributes
                0x0000089f       0x34 C:/ST/STM32CubeIDE_1.16.0/STM32CubeIDE/plugins/com.st.stm32cube.ide.mcu.externaltools.gnu-tools-for-stm32.12.3.rel1.win32_1.0.200.202406191623/tools/bin/../lib/gcc/arm-none-eabi/12.3.1/../../../../arm-none-eabi/lib/thumb/v7e-m+fp/hard\libc_nano.a(libc_a-fwalk.o)
 .ARM.attributes
                0x000008d3       0x34 C:/ST/STM32CubeIDE_1.16.0/STM32CubeIDE/plugins/com.st.stm32cube.ide.mcu.externaltools.gnu-tools-for-stm32.12.3.rel1.win32_1.0.200.202406191623/tools/bin/../lib/gcc/arm-none-eabi/12.3.1/../../../../arm-none-eabi/lib/thumb/v7e-m+fp/hard\libc_nano.a(libc_a-printf.o)
 .ARM.attributes
                0x00000907       0x34 C:/ST/STM32CubeIDE_1.16.0/STM32CubeIDE/plugins/com.st.stm32cube.ide.mcu.externaltools.gnu-tools-for-stm32.12.3.rel1.win32_1.0.200.202406191623/tools/bin/../lib/gcc/arm-none-eabi/12.3.1/../../../../arm-none-eabi/lib/thumb/v7e-m+fp/hard\libc_nano.a(libc_a-puts.o)
 .ARM.attributes
                0x0000093b       0x34 C:/ST/STM32CubeIDE_1.16.0/STM32CubeIDE/plugins/com.st.stm32cube.ide.mcu.externaltools.gnu-tools-for-stm32.12.3.rel1.win32_1.0.200.202406191623/tools/bin/../lib/gcc/arm-none-eabi/12.3.1/../../../../arm-none-eabi/lib/thumb/v7e-m+fp/hard\libc_nano.a(libc_a-stdio.o)
 .ARM.attributes
                0x0000096f       0x34 C:/ST/STM32CubeIDE_1.16.0/STM32CubeIDE/plugins/com.st.stm32cube.ide.mcu.externaltools.gnu-tools-for-stm32.12.3.rel1.win32_1.0.200.202406191623/tools/bin/../lib/gcc/arm-none-eabi/12.3.1/../../../../arm-none-eabi/lib/thumb/v7e-m+fp/hard\libc_nano.a(libc_a-wbuf.o)
 .ARM.attributes
                0x000009a3       0x34 C:/ST/STM32CubeIDE_1.16.0/STM32CubeIDE/plugins/com.st.stm32cube.ide.mcu.externaltools.gnu-tools-for-stm32.12.3.rel1.win32_1.0.200.202406191623/tools/bin/../lib/gcc/arm-none-eabi/12.3.1/../../../../arm-none-eabi/lib/thumb/v7e-m+fp/hard\libc_nano.a(libc_a-wsetup.o)
 .ARM.attributes
                0x000009d7       0x34 C:/ST/STM32CubeIDE_1.16.0/STM32CubeIDE/plugins/com.st.stm32cube.ide.mcu.externaltools.gnu-tools-for-stm32.12.3.rel1.win32_1.0.200.202406191623/tools/bin/../lib/gcc/arm-none-eabi/12.3.1/../../../../arm-none-eabi/lib/thumb/v7e-m+fp/hard\libc_nano.a(libc_a-memset.o)
 .ARM.attributes
                0x00000a0b       0x34 C:/ST/STM32CubeIDE_1.16.0/STM32CubeIDE/plugins/com.st.stm32cube.ide.mcu.externaltools.gnu-tools-for-stm32.12.3.rel1.win32_1.0.200.202406191623/tools/bin/../lib/gcc/arm-none-eabi/12.3.1/../../../../arm-none-eabi/lib/thumb/v7e-m+fp/hard\libc_nano.a(libc_a-closer.o)
 .ARM.attributes
                0x00000a3f       0x34 C:/ST/STM32CubeIDE_1.16.0/STM32CubeIDE/plugins/com.st.stm32cube.ide.mcu.externaltools.gnu-tools-for-stm32.12.3.rel1.win32_1.0.200.202406191623/tools/bin/../lib/gcc/arm-none-eabi/12.3.1/../../../../arm-none-eabi/lib/thumb/v7e-m+fp/hard\libc_nano.a(libc_a-reent.o)
 .ARM.attributes
                0x00000a73       0x34 C:/ST/STM32CubeIDE_1.16.0/STM32CubeIDE/plugins/com.st.stm32cube.ide.mcu.externaltools.gnu-tools-for-stm32.12.3.rel1.win32_1.0.200.202406191623/tools/bin/../lib/gcc/arm-none-eabi/12.3.1/../../../../arm-none-eabi/lib/thumb/v7e-m+fp/hard\libc_nano.a(libc_a-impure.o)
 .ARM.attributes
                0x00000aa7       0x34 C:/ST/STM32CubeIDE_1.16.0/STM32CubeIDE/plugins/com.st.stm32cube.ide.mcu.externaltools.gnu-tools-for-stm32.12.3.rel1.win32_1.0.200.202406191623/tools/bin/../lib/gcc/arm-none-eabi/12.3.1/../../../../arm-none-eabi/lib/thumb/v7e-m+fp/hard\libc_nano.a(libc_a-lseekr.o)
 .ARM.attributes
                0x00000adb       0x34 C:/ST/STM32CubeIDE_1.16.0/STM32CubeIDE/plugins/com.st.stm32cube.ide.mcu.externaltools.gnu-tools-for-stm32.12.3.rel1.win32_1.0.200.202406191623/tools/bin/../lib/gcc/arm-none-eabi/12.3.1/../../../../arm-none-eabi/lib/thumb/v7e-m+fp/hard\libc_nano.a(libc_a-readr.o)
 .ARM.attributes
                0x00000b0f       0x34 C:/ST/STM32CubeIDE_1.16.0/STM32CubeIDE/plugins/com.st.stm32cube.ide.mcu.externaltools.gnu-tools-for-stm32.12.3.rel1.win32_1.0.200.202406191623/tools/bin/../lib/gcc/arm-none-eabi/12.3.1/../../../../arm-none-eabi/lib/thumb/v7e-m+fp/hard\libc_nano.a(libc_a-sbrkr.o)
 .ARM.attributes
                0x00000b43       0x34 C:/ST/STM32CubeIDE_1.16.0/STM32CubeIDE/plugins/com.st.stm32cube.ide.mcu.externaltools.gnu-tools-for-stm32.12.3.rel1.win32_1.0.200.202406191623/tools/bin/../lib/gcc/arm-none-eabi/12.3.1/../../../../arm-none-eabi/lib/thumb/v7e-m+fp/hard\libc_nano.a(libc_a-writer.o)
 .ARM.attributes
                0x00000b77       0x34 C:/ST/STM32CubeIDE_1.16.0/STM32CubeIDE/plugins/com.st.stm32cube.ide.mcu.externaltools.gnu-tools-for-stm32.12.3.rel1.win32_1.0.200.202406191623/tools/bin/../lib/gcc/arm-none-eabi/12.3.1/../../../../arm-none-eabi/lib/thumb/v7e-m+fp/hard\libc_nano.a(libc_a-errno.o)
 .ARM.attributes
                0x00000bab       0x34 C:/ST/STM32CubeIDE_1.16.0/STM32CubeIDE/plugins/com.st.stm32cube.ide.mcu.externaltools.gnu-tools-for-stm32.12.3.rel1.win32_1.0.200.202406191623/tools/bin/../lib/gcc/arm-none-eabi/12.3.1/../../../../arm-none-eabi/lib/thumb/v7e-m+fp/hard\libc_nano.a(libc_a-init.o)
 .ARM.attributes
                0x00000bdf       0x34 C:/ST/STM32CubeIDE_1.16.0/STM32CubeIDE/plugins/com.st.stm32cube.ide.mcu.externaltools.gnu-tools-for-stm32.12.3.rel1.win32_1.0.200.202406191623/tools/bin/../lib/gcc/arm-none-eabi/12.3.1/../../../../arm-none-eabi/lib/thumb/v7e-m+fp/hard\libc_nano.a(libc_a-lock.o)
 .ARM.attributes
                0x00000c13       0x34 C:/ST/STM32CubeIDE_1.16.0/STM32CubeIDE/plugins/com.st.stm32cube.ide.mcu.externaltools.gnu-tools-for-stm32.12.3.rel1.win32_1.0.200.202406191623/tools/bin/../lib/gcc/arm-none-eabi/12.3.1/../../../../arm-none-eabi/lib/thumb/v7e-m+fp/hard\libc_nano.a(libc_a-assert.o)
 .ARM.attributes
                0x00000c47       0x34 C:/ST/STM32CubeIDE_1.16.0/STM32CubeIDE/plugins/com.st.stm32cube.ide.mcu.externaltools.gnu-tools-for-stm32.12.3.rel1.win32_1.0.200.202406191623/tools/bin/../lib/gcc/arm-none-eabi/12.3.1/../../../../arm-none-eabi/lib/thumb/v7e-m+fp/hard\libc_nano.a(libc_a-freer.o)
 .ARM.attributes
                0x00000c7b       0x34 C:/ST/STM32CubeIDE_1.16.0/STM32CubeIDE/plugins/com.st.stm32cube.ide.mcu.externaltools.gnu-tools-for-stm32.12.3.rel1.win32_1.0.200.202406191623/tools/bin/../lib/gcc/arm-none-eabi/12.3.1/../../../../arm-none-eabi/lib/thumb/v7e-m+fp/hard\libc_nano.a(libc_a-nano-vfprintf.o)
 .ARM.attributes
                0x00000caf       0x34 C:/ST/STM32CubeIDE_1.16.0/STM32CubeIDE/plugins/com.st.stm32cube.ide.mcu.externaltools.gnu-tools-for-stm32.12.3.rel1.win32_1.0.200.202406191623/tools/bin/../lib/gcc/arm-none-eabi/12.3.1/../../../../arm-none-eabi/lib/thumb/v7e-m+fp/hard\libc_nano.a(libc_a-nano-vfprintf_i.o)
 .ARM.attributes
                0x00000ce3       0x34 C:/ST/STM32CubeIDE_1.16.0/STM32CubeIDE/plugins/com.st.stm32cube.ide.mcu.externaltools.gnu-tools-for-stm32.12.3.rel1.win32_1.0.200.202406191623/tools/bin/../lib/gcc/arm-none-eabi/12.3.1/../../../../arm-none-eabi/lib/thumb/v7e-m+fp/hard\libc_nano.a(libc_a-fflush.o)
 .ARM.attributes
                0x00000d17       0x34 C:/ST/STM32CubeIDE_1.16.0/STM32CubeIDE/plugins/com.st.stm32cube.ide.mcu.externaltools.gnu-tools-for-stm32.12.3.rel1.win32_1.0.200.202406191623/tools/bin/../lib/gcc/arm-none-eabi/12.3.1/../../../../arm-none-eabi/lib/thumb/v7e-m+fp/hard\libc_nano.a(libc_a-fprintf.o)
 .ARM.attributes
                0x00000d4b       0x34 C:/ST/STM32CubeIDE_1.16.0/STM32CubeIDE/plugins/com.st.stm32cube.ide.mcu.externaltools.gnu-tools-for-stm32.12.3.rel1.win32_1.0.200.202406191623/tools/bin/../lib/gcc/arm-none-eabi/12.3.1/../../../../arm-none-eabi/lib/thumb/v7e-m+fp/hard\libc_nano.a(libc_a-makebuf.o)
 .ARM.attributes
                0x00000d7f       0x34 C:/ST/STM32CubeIDE_1.16.0/STM32CubeIDE/plugins/com.st.stm32cube.ide.mcu.externaltools.gnu-tools-for-stm32.12.3.rel1.win32_1.0.200.202406191623/tools/bin/../lib/gcc/arm-none-eabi/12.3.1/../../../../arm-none-eabi/lib/thumb/v7e-m+fp/hard\libc_nano.a(libc_a-fstatr.o)
 .ARM.attributes
                0x00000db3       0x34 C:/ST/STM32CubeIDE_1.16.0/STM32CubeIDE/plugins/com.st.stm32cube.ide.mcu.externaltools.gnu-tools-for-stm32.12.3.rel1.win32_1.0.200.202406191623/tools/bin/../lib/gcc/arm-none-eabi/12.3.1/../../../../arm-none-eabi/lib/thumb/v7e-m+fp/hard\libc_nano.a(libc_a-isattyr.o)
 .ARM.attributes
                0x00000de7       0x1c C:/ST/STM32CubeIDE_1.16.0/STM32CubeIDE/plugins/com.st.stm32cube.ide.mcu.externaltools.gnu-tools-for-stm32.12.3.rel1.win32_1.0.200.202406191623/tools/bin/../lib/gcc/arm-none-eabi/12.3.1/../../../../arm-none-eabi/lib/thumb/v7e-m+fp/hard\libc_nano.a(libc_a-memchr.o)
 .ARM.attributes
                0x00000e03       0x34 C:/ST/STM32CubeIDE_1.16.0/STM32CubeIDE/plugins/com.st.stm32cube.ide.mcu.externaltools.gnu-tools-for-stm32.12.3.rel1.win32_1.0.200.202406191623/tools/bin/../lib/gcc/arm-none-eabi/12.3.1/../../../../arm-none-eabi/lib/thumb/v7e-m+fp/hard\libc_nano.a(libc_a-abort.o)
 .ARM.attributes
                0x00000e37       0x34 C:/ST/STM32CubeIDE_1.16.0/STM32CubeIDE/plugins/com.st.stm32cube.ide.mcu.externaltools.gnu-tools-for-stm32.12.3.rel1.win32_1.0.200.202406191623/tools/bin/../lib/gcc/arm-none-eabi/12.3.1/../../../../arm-none-eabi/lib/thumb/v7e-m+fp/hard\libc_nano.a(libc_a-signal.o)
 .ARM.attributes